Component: ARM Compiler 6.16 Tool: armlink [5dfeaa00]

==============================================================================

Section Cross References

    main.o(.text.main) refers to rcc_cmsis_m3_mve_v0.o(.text.rcc_init) for rcc_init
    main.o(.text.main) refers to gpio_cmsis_m3_mve_v0.o(.text.gpio_init) for gpio_init
    main.o(.text.main) refers to uart_cmsis_m3_mve_v0.o(.text.uart_init) for uart_init
    main.o(.text.main) refers to can_cmsis_m3_mve_v0.o(.text.can_init) for can_init
    main.o(.text.main) refers to system_stm32f1xx.o(.text.SystemCoreClockUpdate) for SystemCoreClockUpdate
    main.o(.text.main) refers to system_stm32f1xx.o(.data.SystemCoreClock) for SystemCoreClock
    main.o(.text.main) refers to main.o(.text.SysTick_Config) for SysTick_Config
    main.o(.text.main) refers to main.o(.bss.rxCounter) for rxCounter
    main.o(.text.main) refers to main.o(.bss.rxUartIt) for rxUartIt
    main.o(.text.main) refers to line_recognition_ciam_mve_v0.o(.text.line_recognition_ciam) for line_recognition_ciam
    main.o(.text.main) refers to strlen.o(.text) for strlen
    main.o(.text.main) refers to uart_cmsis_m3_mve_v0.o(.text.uart_send) for uart_send
    main.o(.text.main) refers to systick_cmsis_m3_mve_v0.o(.text.mve_delay) for mve_delay
    main.o(.text.main) refers to can_cmsis_m3_mve_v0.o(.text.can1_send) for can1_send
    main.o(.ARM.exidx.text.main) refers to main.o(.text.main) for [Anonymous Symbol]
    main.o(.text.SysTick_Config) refers to main.o(.text.__NVIC_SetPriority) for __NVIC_SetPriority
    main.o(.ARM.exidx.text.SysTick_Config) refers to main.o(.text.SysTick_Config) for [Anonymous Symbol]
    main.o(.ARM.exidx.text.__NVIC_SetPriority) refers to main.o(.text.__NVIC_SetPriority) for [Anonymous Symbol]
    startup_stm32f103xb.o(STACK) refers (Special) to heapauxi.o(.text) for __use_two_region_memory
    startup_stm32f103xb.o(HEAP) refers (Special) to heapauxi.o(.text) for __use_two_region_memory
    startup_stm32f103xb.o(RESET) refers (Special) to heapauxi.o(.text) for __use_two_region_memory
    startup_stm32f103xb.o(RESET) refers to startup_stm32f103xb.o(STACK) for __initial_sp
    startup_stm32f103xb.o(RESET) refers to startup_stm32f103xb.o(.text) for Reset_Handler
    startup_stm32f103xb.o(RESET) refers to systick_cmsis_m3_mve_v0.o(.text.SysTick_Handler) for SysTick_Handler
    startup_stm32f103xb.o(RESET) refers to can_cmsis_m3_mve_v0.o(.text.USB_LP_CAN1_RX0_IRQHandler) for USB_LP_CAN1_RX0_IRQHandler
    startup_stm32f103xb.o(RESET) refers to uart_cmsis_m3_mve_v0.o(.text.USART1_IRQHandler) for USART1_IRQHandler
    startup_stm32f103xb.o(.text) refers (Special) to heapauxi.o(.text) for __use_two_region_memory
    startup_stm32f103xb.o(.text) refers to system_stm32f1xx.o(.text.SystemInit) for SystemInit
    startup_stm32f103xb.o(.text) refers to __main.o(!!!main) for __main
    startup_stm32f103xb.o(.text) refers to startup_stm32f103xb.o(HEAP) for Heap_Mem
    startup_stm32f103xb.o(.text) refers to startup_stm32f103xb.o(STACK) for Stack_Mem
    system_stm32f1xx.o(.ARM.exidx.text.SystemInit) refers to system_stm32f1xx.o(.text.SystemInit) for [Anonymous Symbol]
    system_stm32f1xx.o(.text.SystemCoreClockUpdate) refers to system_stm32f1xx.o(.data.SystemCoreClock) for SystemCoreClock
    system_stm32f1xx.o(.text.SystemCoreClockUpdate) refers to system_stm32f1xx.o(.rodata.AHBPrescTable) for AHBPrescTable
    system_stm32f1xx.o(.ARM.exidx.text.SystemCoreClockUpdate) refers to system_stm32f1xx.o(.text.SystemCoreClockUpdate) for [Anonymous Symbol]
    systick_cmsis_m3_mve_v0.o(.text.SysTick_Handler) refers to main.o(.bss.msTicks) for msTicks
    systick_cmsis_m3_mve_v0.o(.ARM.exidx.text.SysTick_Handler) refers to systick_cmsis_m3_mve_v0.o(.text.SysTick_Handler) for [Anonymous Symbol]
    systick_cmsis_m3_mve_v0.o(.text.mve_delay) refers to main.o(.bss.msTicks) for msTicks
    systick_cmsis_m3_mve_v0.o(.ARM.exidx.text.mve_delay) refers to systick_cmsis_m3_mve_v0.o(.text.mve_delay) for [Anonymous Symbol]
    gpio_cmsis_m3_mve_v0.o(.ARM.exidx.text.gpio_init) refers to gpio_cmsis_m3_mve_v0.o(.text.gpio_init) for [Anonymous Symbol]
    rcc_cmsis_m3_mve_v0.o(.ARM.exidx.text.rcc_init) refers to rcc_cmsis_m3_mve_v0.o(.text.rcc_init) for [Anonymous Symbol]
    rcc_cmsis_m3_mve_v0.o(.ARM.exidx.text.rcc_per_en) refers to rcc_cmsis_m3_mve_v0.o(.text.rcc_per_en) for [Anonymous Symbol]
    uart_cmsis_m3_mve_v0.o(.text.USART1_IRQHandler) refers to main.o(.bss.rxCounter) for rxCounter
    uart_cmsis_m3_mve_v0.o(.text.USART1_IRQHandler) refers to main.o(.bss.rxUartIt) for rxUartIt
    uart_cmsis_m3_mve_v0.o(.ARM.exidx.text.USART1_IRQHandler) refers to uart_cmsis_m3_mve_v0.o(.text.USART1_IRQHandler) for [Anonymous Symbol]
    uart_cmsis_m3_mve_v0.o(.text.uart_init) refers to uart_cmsis_m3_mve_v0.o(.text.__NVIC_EnableIRQ) for __NVIC_EnableIRQ
    uart_cmsis_m3_mve_v0.o(.ARM.exidx.text.uart_init) refers to uart_cmsis_m3_mve_v0.o(.text.uart_init) for [Anonymous Symbol]
[...]
    daddsub_clz.o(x$fpl$drsb) refers (Special) to usenofp.o(x$fpl$usenofp) for __I$use$fp
    daddsub_clz.o(x$fpl$drsb) refers to daddsub_clz.o(x$fpl$dadd) for _dadd1
    daddsub_clz.o(x$fpl$drsb) refers to daddsub_clz.o(x$fpl$dsub) for _dsub1
    daddsub_clz.o(x$fpl$dsub) refers (Special) to usenofp.o(x$fpl$usenofp) for __I$use$fp
    daddsub_clz.o(x$fpl$dsub) refers to daddsub_clz.o(x$fpl$dadd) for _dadd1
    daddsub_clz.o(x$fpl$dsub) refers to dnaninf.o(x$fpl$dnaninf) for __fpl_dnaninf
    ddiv.o(x$fpl$drdiv) refers (Special) to usenofp.o(x$fpl$usenofp) for __I$use$fp
    ddiv.o(x$fpl$drdiv) refers to ddiv.o(x$fpl$ddiv) for ddiv_entry
    ddiv.o(x$fpl$ddiv) refers (Special) to usenofp.o(x$fpl$usenofp) for __I$use$fp
    ddiv.o(x$fpl$ddiv) refers to dretinf.o(x$fpl$dretinf) for __fpl_dretinf
    ddiv.o(x$fpl$ddiv) refers to dnaninf.o(x$fpl$dnaninf) for __fpl_dnaninf
    dmul.o(x$fpl$dmul) refers (Special) to usenofp.o(x$fpl$usenofp) for __I$use$fp
    dmul.o(x$fpl$dmul) refers to dretinf.o(x$fpl$dretinf) for __fpl_dretinf
    dmul.o(x$fpl$dmul) refers to dnaninf.o(x$fpl$dnaninf) for __fpl_dnaninf
    retnan.o(x$fpl$retnan) refers (Special) to usenofp.o(x$fpl$usenofp) for __I$use$fp
    retnan.o(x$fpl$retnan) refers to trapv.o(x$fpl$trapveneer) for __fpl_cmpreturn
    sys_wrch.o(.text) refers (Special) to use_no_semi.o(.text) for __I$use$semihosting
    sys_wrch.o(.text) refers (Special) to indicate_semi.o(.text) for __semihosting_library_function
    sys_wrch_hlt.o(.text) refers (Special) to use_no_semi.o(.text) for __I$use$semihosting
    sys_wrch_hlt.o(.text) refers (Special) to indicate_semi.o(.text) for __semihosting_library_function
    defsig.o(CL$$defsig) refers to defsig_rtmem_inner.o(.text) for __rt_SIGRTMEM_inner
    dretinf.o(x$fpl$dretinf) refers (Special) to usenofp.o(x$fpl$usenofp) for __I$use$fp
    trapv.o(x$fpl$trapveneer) refers (Special) to usenofp.o(x$fpl$usenofp) for __I$use$fp
    defsig_abrt_inner.o(.text) refers to defsig_general.o(.text) for __default_signal_display
    defsig_fpe_inner.o(.text) refers to defsig_general.o(.text) for __default_signal_display
    defsig_rtred_inner.o(.text) refers to defsig_general.o(.text) for __default_signal_display
    defsig_stak_inner.o(.text) refers to defsig_general.o(.text) for __default_signal_display
    defsig_pvfn_inner.o(.text) refers to defsig_general.o(.text) for __default_signal_display
    defsig_cppl_inner.o(.text) refers to defsig_general.o(.text) for __default_signal_display
    defsig_segv_inner.o(.text) refers to defsig_general.o(.text) for __default_signal_display
    defsig_other.o(.text) refers to defsig_general.o(.text) for __default_signal_display


==============================================================================

Removing Unused input sections from the image.

    Removing main.o(.text), (0 bytes).
    Removing main.o(.ARM.exidx.text.main), (8 bytes).
    Removing main.o(.ARM.exidx.text.SysTick_Config), (8 bytes).
    Removing main.o(.ARM.exidx.text.__NVIC_SetPriority), (8 bytes).
    Removing main.o(.rodata.str1.1), (28 bytes).
    Removing main.o(.rodata..L__const.main.counter1), (1 bytes).
    Removing main.o(.rodata..L__const.main.strEnd), (3 bytes).
    Removing main.o(.ARM.use_no_argv), (4 bytes).
    Removing system_stm32f1xx.o(.text), (0 bytes).
    Removing system_stm32f1xx.o(.ARM.exidx.text.SystemInit), (8 bytes).
    Removing system_stm32f1xx.o(.ARM.exidx.text.SystemCoreClockUpdate), (8 bytes).
    Removing system_stm32f1xx.o(.rodata.APBPrescTable), (8 bytes).
    Removing systick_cmsis_m3_mve_v0.o(.text), (0 bytes).
    Removing systick_cmsis_m3_mve_v0.o(.ARM.exidx.text.SysTick_Handler), (8 bytes).
    Removing systick_cmsis_m3_mve_v0.o(.ARM.exidx.text.mve_delay), (8 bytes).
    Removing gpio_cmsis_m3_mve_v0.o(.text), (0 bytes).
    Removing gpio_cmsis_m3_mve_v0.o(.ARM.exidx.text.gpio_init), (8 bytes).
    Removing rcc_cmsis_m3_mve_v0.o(.text), (0 bytes).
    Removing rcc_cmsis_m3_mve_v0.o(.ARM.exidx.text.rcc_init), (8 bytes).
    Removing rcc_cmsis_m3_mve_v0.o(.text.rcc_per_en), (20 bytes).
    Removing rcc_cmsis_m3_mve_v0.o(.ARM.exidx.text.rcc_per_en), (8 bytes).
    Removing uart_cmsis_m3_mve_v0.o(.text), (0 bytes).
    Removing uart_cmsis_m3_mve_v0.o(.ARM.exidx.text.USART1_IRQHandler), (8 bytes).
    Removing uart_cmsis_m3_mve_v0.o(.ARM.exidx.text.uart_init), (8 bytes).
    Removing uart_cmsis_m3_mve_v0.o(.ARM.exidx.text.__NVIC_EnableIRQ), (8 bytes).
    Removing uart_cmsis_m3_mve_v0.o(.ARM.exidx.text.uart_send), (8 bytes).
    Removing uart_cmsis_m3_mve_v0.o(.text.uart_resive), (100 bytes).
    Removing uart_cmsis_m3_mve_v0.o(.ARM.exidx.text.uart_resive), (8 bytes).
    Removing line_recognition_ciam_mve_v0.o(.text), (0 bytes).
    Removing line_recognition_ciam_mve_v0.o(.ARM.exidx.text.line_recognition_ciam), (8 bytes).
    Removing can_cmsis_m3_mve_v0.o(.text), (0 bytes).
    Removing can_cmsis_m3_mve_v0.o(.ARM.exidx.text.USB_LP_CAN1_RX0_IRQHandler), (8 bytes).
    Removing can_cmsis_m3_mve_v0.o(.ARM.exidx.text.can_init), (8 bytes).
    Removing can_cmsis_m3_mve_v0.o(.ARM.exidx.text.can1_send), (8 bytes).
    Removing nextion_cmsis_mve_v1.o(.text), (0 bytes).
    Removing nextion_cmsis_mve_v1.o(.text.nextion_send), (140 bytes).
    Removing nextion_cmsis_mve_v1.o(.ARM.exidx.text.nextion_send), (8 bytes).
    Removing nextion_cmsis_mve_v1.o(.rodata..L__const.nextion_send.Cmd_End), (3 bytes).
    Removing nextion_cmsis_mve_v1.o(.rodata.str1.1), (20 bytes).

39 unused section(s) (total 487 bytes) removed from the image.

==============================================================================

Image Symbol Table

    Local Symbols

    Symbol Name                              Value     Ov Type        Size  Object(Section)

    ../clib/angel/boardlib.s                 0x00000000   Number         0  boardinit1.o ABSOLUTE
    ../clib/angel/boardlib.s                 0x00000000   Number         0  boardinit2.o ABSOLUTE
    ../clib/angel/boardlib.s                 0x00000000   Number         0  boardinit3.o ABSOLUTE
    ../clib/angel/boardlib.s                 0x00000000   Number         0  boardshut.o ABSOLUTE
    ../clib/angel/handlers.s                 0x00000000   Number         0  __scatter_copy.o ABSOLUTE
    ../clib/angel/handlers.s                 0x00000000   Number         0  __scatter_zi.o ABSOLUTE
    ../clib/angel/kernel.s                   0x00000000   Number         0  __rtentry.o ABSOLUTE
    ../clib/angel/kernel.s                   0x00000000   Number         0  __rtentry2.o ABSOLUTE
    ../clib/angel/kernel.s                   0x00000000   Number         0  __rtentry4.o ABSOLUTE
    ../clib/angel/kernel.s                   0x00000000   Number         0  rtexit.o ABSOLUTE
    ../clib/angel/kernel.s                   0x00000000   Number         0  rtexit2.o ABSOLUTE
    ../clib/angel/rt.s                       0x00000000   Number         0  rt_errno_addr.o ABSOLUTE
    ../clib/angel/rt.s                       0x00000000   Number         0  rt_errno_addr_intlibspace.o ABSOLUTE
    ../clib/angel/rt.s                       0x00000000   Number         0  rt_ctype_table.o ABSOLUTE
    ../clib/angel/rt.s                       0x00000000   Number         0  rt_locale.o ABSOLUTE
    ../clib/angel/rt.s                       0x00000000   Number         0  rt_locale_intlibspace.o ABSOLUTE
    ../clib/angel/rt.s                       0x00000000   Number         0  rt_raise.o ABSOLUTE
    ../clib/angel/scatter.s                  0x00000000   Number         0  __scatter.o ABSOLUTE
    ../clib/angel/startup.s                  0x00000000   Number         0  __main.o ABSOLUTE
    ../clib/angel/sys.s                      0x00000000   Number         0  libspace.o ABSOLUTE
    ../clib/angel/sys.s                      0x00000000   Number         0  sys_stackheap_outer.o ABSOLUTE
    ../clib/angel/sys.s                      0x00000000   Number         0  use_no_semi.o ABSOLUTE
    ../clib/angel/sys.s                      0x00000000   Number         0  indicate_semi.o ABSOLUTE
    ../clib/angel/sysapp.c                   0x00000000   Number         0  sys_command.o ABSOLUTE
    ../clib/angel/sysapp.c                   0x00000000   Number         0  sys_exit.o ABSOLUTE
    ../clib/angel/sysapp.c                   0x00000000   Number         0  sys_command_hlt.o ABSOLUTE
    ../clib/angel/sysapp.c                   0x00000000   Number         0  sys_exit_hlt.o ABSOLUTE
    ../clib/angel/sysapp.c                   0x00000000   Number         0  sys_wrch.o ABSOLUTE
    ../clib/angel/sysapp.c                   0x00000000   Number         0  sys_wrch_hlt.o ABSOLUTE
    ../clib/armsys.c                         0x00000000   Number         0  argv_veneer.o ABSOLUTE
    ../clib/armsys.c                         0x00000000   Number         0  argv_veneer.o ABSOLUTE
    ../clib/armsys.c                         0x00000000   Number         0  _get_argv_nomalloc.o ABSOLUTE
    ../clib/armsys.c                         0x00000000   Number         0  no_argv.o ABSOLUTE
    ../clib/bigflt.c                         0x00000000   Number         0  bigflt0.o ABSOLUTE
    ../clib/btod.s                           0x00000000   Number         0  btod.o ABSOLUTE
    ../clib/btod_accurate.c                  0x00000000   Number         0  btod_accurate.o ABSOLUTE
    ../clib/btod_accurate.c                  0x00000000   Number         0  btod_accurate_common.o ABSOLUTE
    ../clib/btod_accurate.c                  0x00000000   Number         0  dtob_accurate.o ABSOLUTE
    ../clib/ctype.c                          0x00000000   Number         0  isspace.o ABSOLUTE
    ../clib/fenv.c                           0x00000000   Number         0  _rserrno.o ABSOLUTE
    ../clib/heapalloc.c                      0x00000000   Number         0  hrguard.o ABSOLUTE
    ../clib/heapaux.c                        0x00000000   Number         0  heapauxi.o ABSOLUTE
    ../clib/libinit.s                        0x00000000   Number         0  libinit.o ABSOLUTE
    ../clib/libinit.s                        0x00000000   Number         0  libinit2.o ABSOLUTE
    ../clib/libinit.s                        0x00000000   Number         0  libshutdown.o ABSOLUTE
    ../clib/libinit.s                        0x00000000   Number         0  libshutdown2.o ABSOLUTE
    ../clib/locale.c                         0x00000000   Number         0  _c16rtomb.o ABSOLUTE
    ../clib/locale.s                         0x00000000   Number         0  lc_numeric_c.o ABSOLUTE
    ../clib/locale.s                         0x00000000   Number         0  lc_ctype_c.o ABSOLUTE
    ../clib/longlong.s                       0x00000000   Number         0  lludiv10.o ABSOLUTE
    ../clib/longlong.s                       0x00000000   Number         0  llshl.o ABSOLUTE
    ../clib/longlong.s                       0x00000000   Number         0  llushr.o ABSOLUTE
    ../clib/memcpset.s                       0x00000000   Number         0  rt_memclr.o ABSOLUTE
    ../clib/memcpset.s                       0x00000000   Number         0  strcmpv7m.o ABSOLUTE
    ../clib/memcpset.s                       0x00000000   Number         0  rt_memclr_w.o ABSOLUTE
    ../clib/misc.s                           0x00000000   Number         0  printf_stubs.o ABSOLUTE
    ../clib/printf.c                         0x00000000   Number         0  sprintf.o ABSOLUTE
    ../clib/printf.c                         0x00000000   Number         0  __printf.o ABSOLUTE
    ../clib/printf.c                         0x00000000   Number         0  _printf_pad.o ABSOLUTE
    ../clib/printf.c                         0x00000000   Number         0  _printf_truncate.o ABSOLUTE
    ../clib/printf.c                         0x00000000   Number         0  _printf_str.o ABSOLUTE
    ../clib/printf.c                         0x00000000   Number         0  _printf_dec.o ABSOLUTE
    ../clib/printf.c                         0x00000000   Number         0  _printf_charcount.o ABSOLUTE
    ../clib/printf.c                         0x00000000   Number         0  _printf_char_common.o ABSOLUTE
    ../clib/printf.c                         0x00000000   Number         0  _sputc.o ABSOLUTE
    ../clib/printf.c                         0x00000000   Number         0  _printf_wctomb.o ABSOLUTE
    ../clib/printf.c                         0x00000000   Number         0  _printf_longlong_dec.o ABSOLUTE
    ../clib/printf.c                         0x00000000   Number         0  _printf_oct_ll.o ABSOLUTE
    ../clib/printf.c                         0x00000000   Number         0  _printf_oct_int.o ABSOLUTE
    ../clib/printf.c                         0x00000000   Number         0  _printf_oct_int_ll.o ABSOLUTE
    ../clib/printf.c                         0x00000000   Number         0  _printf_hex_ll.o ABSOLUTE
    ../clib/printf.c                         0x00000000   Number         0  _printf_hex_int.o ABSOLUTE
    ../clib/printf.c                         0x00000000   Number         0  _printf_hex_int_ll.o ABSOLUTE
    ../clib/printf.c                         0x00000000   Number         0  _printf_hex_ptr.o ABSOLUTE
    ../clib/printf.c                         0x00000000   Number         0  _printf_hex_int_ptr.o ABSOLUTE
    ../clib/printf.c                         0x00000000   Number         0  _printf_hex_ll_ptr.o ABSOLUTE
    ../clib/printf.c                         0x00000000   Number         0  _printf_hex_int_ll_ptr.o ABSOLUTE
    ../clib/printf.c                         0x00000000   Number         0  __printf_flags.o ABSOLUTE
    ../clib/printf.c                         0x00000000   Number         0  __printf_ss.o ABSOLUTE
    ../clib/printf.c                         0x00000000   Number         0  __printf_flags_ss.o ABSOLUTE
    ../clib/printf.c                         0x00000000   Number         0  __printf_wp.o ABSOLUTE
    ../clib/printf.c                         0x00000000   Number         0  __printf_flags_wp.o ABSOLUTE
    ../clib/printf.c                         0x00000000   Number         0  __printf_ss_wp.o ABSOLUTE
    ../clib/printf.c                         0x00000000   Number         0  __printf_flags_ss_wp.o ABSOLUTE
    ../clib/printf.c                         0x00000000   Number         0  _printf_intcommon.o ABSOLUTE
    ../clib/printf.c                         0x00000000   Number         0  _printf_fp_dec.o ABSOLUTE
    ../clib/printf.c                         0x00000000   Number         0  _printf_fp_dec_accurate.o ABSOLUTE
    ../clib/printf.c                         0x00000000   Number         0  _printf_fp_hex.o ABSOLUTE
    ../clib/printf.c                         0x00000000   Number         0  __printf_nopercent.o ABSOLUTE
    ../clib/printf.c                         0x00000000   Number         0  _printf_char.o ABSOLUTE
    ../clib/printf.c                         0x00000000   Number         0  _printf_wchar.o ABSOLUTE
    ../clib/printf.c                         0x00000000   Number         0  _printf_fp_infnan.o ABSOLUTE
    ../clib/printf_percent.s                 0x00000000   Number         0  _printf_c.o ABSOLUTE
    ../clib/printf_percent.s                 0x00000000   Number         0  _printf_s.o ABSOLUTE
    ../clib/printf_percent.s                 0x00000000   Number         0  _printf_n.o ABSOLUTE
    ../clib/printf_percent.s                 0x00000000   Number         0  _printf_x.o ABSOLUTE
    ../clib/printf_percent.s                 0x00000000   Number         0  _printf_p.o ABSOLUTE
    ../clib/printf_percent.s                 0x00000000   Number         0  _printf_o.o ABSOLUTE
    ../clib/printf_percent.s                 0x00000000   Number         0  _printf_i.o ABSOLUTE
    ../clib/printf_percent.s                 0x00000000   Number         0  _printf_d.o ABSOLUTE
    ../clib/printf_percent.s                 0x00000000   Number         0  _printf_u.o ABSOLUTE
    ../clib/printf_percent.s                 0x00000000   Number         0  _printf_f.o ABSOLUTE
    ../clib/printf_percent.s                 0x00000000   Number         0  _printf_e.o ABSOLUTE
    ../clib/printf_percent.s                 0x00000000   Number         0  _printf_g.o ABSOLUTE
    ../clib/printf_percent.s                 0x00000000   Number         0  _printf_a.o ABSOLUTE
    ../clib/printf_percent.s                 0x00000000   Number         0  _printf_percent.o ABSOLUTE
    ../clib/printf_percent.s                 0x00000000   Number         0  _printf_lli.o ABSOLUTE
    ../clib/printf_percent.s                 0x00000000   Number         0  _printf_lld.o ABSOLUTE
    ../clib/printf_percent.s                 0x00000000   Number         0  _printf_llu.o ABSOLUTE
    ../clib/printf_percent.s                 0x00000000   Number         0  _printf_ll.o ABSOLUTE
    ../clib/printf_percent.s                 0x00000000   Number         0  _printf_l.o ABSOLUTE
    ../clib/printf_percent.s                 0x00000000   Number         0  _printf_lc.o ABSOLUTE
    ../clib/printf_percent.s                 0x00000000   Number         0  _printf_ls.o ABSOLUTE
    ../clib/printf_percent.s                 0x00000000   Number         0  _printf_llo.o ABSOLUTE
    ../clib/printf_percent.s                 0x00000000   Number         0  _printf_llx.o ABSOLUTE
    ../clib/printf_percent.s                 0x00000000   Number         0  _printf_percent_end.o ABSOLUTE
    ../clib/scanf.c                          0x00000000   Number         0  atoi.o ABSOLUTE
    ../clib/scanf.c                          0x00000000   Number         0  strtod.o ABSOLUTE
    ../clib/scanf.c                          0x00000000   Number         0  strtol.o ABSOLUTE
    ../clib/scanf.c                          0x00000000   Number         0  _sgetc.o ABSOLUTE
    ../clib/scanf.c                          0x00000000   Number         0  _strtoul.o ABSOLUTE
    ../clib/scanf.c                          0x00000000   Number         0  _chval.o ABSOLUTE
    ../clib/scanf.c                          0x00000000   Number         0  scanf_fp.o ABSOLUTE
    ../clib/scanf.c                          0x00000000   Number         0  scanf_fp_accurate.o ABSOLUTE
    ../clib/scanf.c                          0x00000000   Number         0  scanf_hexfp.o ABSOLUTE
    ../clib/scanf.c                          0x00000000   Number         0  scanf_infnan.o ABSOLUTE
    ../clib/signal.c                         0x00000000   Number         0  defsig_rtmem_outer.o ABSOLUTE
    ../clib/signal.c                         0x00000000   Number         0  defsig_rtmem_formal.o ABSOLUTE
    ../clib/signal.c                         0x00000000   Number         0  defsig_exit.o ABSOLUTE
    ../clib/signal.c                         0x00000000   Number         0  defsig_rtmem_inner.o ABSOLUTE
    ../clib/signal.c                         0x00000000   Number         0  __raise.o ABSOLUTE
    ../clib/signal.c                         0x00000000   Number         0  defsig_general.o ABSOLUTE
    ../clib/signal.c                         0x00000000   Number         0  defsig_abrt_inner.o ABSOLUTE
    ../clib/signal.c                         0x00000000   Number         0  defsig_fpe_inner.o ABSOLUTE
    ../clib/signal.c                         0x00000000   Number         0  defsig_rtred_inner.o ABSOLUTE
    ../clib/signal.c                         0x00000000   Number         0  defsig_stak_inner.o ABSOLUTE
    ../clib/signal.c                         0x00000000   Number         0  defsig_pvfn_inner.o ABSOLUTE
    ../clib/signal.c                         0x00000000   Number         0  defsig_cppl_inner.o ABSOLUTE
    ../clib/signal.c                         0x00000000   Number         0  defsig_segv_inner.o ABSOLUTE
    ../clib/signal.c                         0x00000000   Number         0  defsig_other.o ABSOLUTE
    ../clib/signal.s                         0x00000000   Number         0  defsig.o ABSOLUTE
    ../clib/stdlib.c                         0x00000000   Number         0  exit.o ABSOLUTE
    ../clib/string.c                         0x00000000   Number         0  strlen.o ABSOLUTE
    ../fplib/d2f.s                           0x00000000   Number         0  d2f.o ABSOLUTE
    ../fplib/daddsub.s                       0x00000000   Number         0  daddsub_clz.o ABSOLUTE
    ../fplib/dcheck1.s                       0x00000000   Number         0  dcheck1.o ABSOLUTE
    ../fplib/dcmpi.s                         0x00000000   Number         0  dcmpi.o ABSOLUTE
    ../fplib/ddiv.s                          0x00000000   Number         0  ddiv.o ABSOLUTE
    ../fplib/deqf.s                          0x00000000   Number         0  deqf.o ABSOLUTE
    ../fplib/dleqf.s                         0x00000000   Number         0  dleqf.o ABSOLUTE
    ../fplib/dmul.s                          0x00000000   Number         0  dmul.o ABSOLUTE
    ../fplib/dnaninf.s                       0x00000000   Number         0  dnaninf.o ABSOLUTE
    ../fplib/dretinf.s                       0x00000000   Number         0  dretinf.o ABSOLUTE
    ../fplib/drleqf.s                        0x00000000   Number         0  drleqf.o ABSOLUTE
    ../fplib/ffix.s                          0x00000000   Number         0  ffix.o ABSOLUTE
    ../fplib/fmul.s                          0x00000000   Number         0  fmul.o ABSOLUTE
    ../fplib/fnaninf.s                       0x00000000   Number         0  fnaninf.o ABSOLUTE
    ../fplib/fpconst.s                       0x00000000   Number         0  fpconst.o ABSOLUTE
    ../fplib/fpinit.s                        0x00000000   Number         0  fpinit.o ABSOLUTE
    ../fplib/fpinit_empty.s                  0x00000000   Number         0  fpinit_empty.o ABSOLUTE
    ../fplib/fretinf.s                       0x00000000   Number         0  fretinf.o ABSOLUTE
    ../fplib/istatus.s                       0x00000000   Number         0  istatus.o ABSOLUTE
    ../fplib/printf1.s                       0x00000000   Number         0  printf1.o ABSOLUTE
    ../fplib/printf2.s                       0x00000000   Number         0  printf2.o ABSOLUTE
    ../fplib/printf2a.s                      0x00000000   Number         0  printf2a.o ABSOLUTE
    ../fplib/printf2b.s                      0x00000000   Number         0  printf2b.o ABSOLUTE
    ../fplib/retnan.s                        0x00000000   Number         0  retnan.o ABSOLUTE
    ../fplib/scalbn.s                        0x00000000   Number         0  scalbn.o ABSOLUTE
    ../fplib/scanf1.s                        0x00000000   Number         0  scanf1.o ABSOLUTE
    ../fplib/scanf2.s                        0x00000000   Number         0  scanf2.o ABSOLUTE
    ../fplib/scanf2a.s                       0x00000000   Number         0  scanf2a.o ABSOLUTE
    ../fplib/scanf2b.s                       0x00000000   Number         0  scanf2b.o ABSOLUTE
    ../fplib/trapv.s                         0x00000000   Number         0  trapv.o ABSOLUTE
    ../fplib/usenofp.s                       0x00000000   Number         0  usenofp.o ABSOLUTE
    ../mathlib/atof.c                        0x00000000   Number         0  atof.o ABSOLUTE
    ../mathlib/dunder.c                      0x00000000   Number         0  dunder.o ABSOLUTE
    ../mathlib/fpclassify.c                  0x00000000   Number         0  fpclassify.o ABSOLUTE
    ../mathlib/frexp.c                       0x00000000   Number         0  frexp.o ABSOLUTE
    ../mathlib/ldexp.c                       0x00000000   Number         0  ldexp.o ABSOLUTE
    ../mathlib/narrow.c                      0x00000000   Number         0  narrow.o ABSOLUTE
    CMSIS/startup_stm32f103xb.s              0x00000000   Number         0  startup_stm32f103xb.o ABSOLUTE
    can_cmsis_m3_mve_v0.c                    0x00000000   Number         0  can_cmsis_m3_mve_v0.o ABSOLUTE
    dc.s                                     0x00000000   Number         0  dc.o ABSOLUTE
    gpio_cmsis_m3_mve_v0.c                   0x00000000   Number         0  gpio_cmsis_m3_mve_v0.o ABSOLUTE
    line_recognition_ciam_mve_v0.c           0x00000000   Number         0  line_recognition_ciam_mve_v0.o ABSOLUTE
    main.c                                   0x00000000   Number         0  main.o ABSOLUTE
    nextion_cmsis_mve_v1.c                   0x00000000   Number         0  nextion_cmsis_mve_v1.o ABSOLUTE
    rcc_cmsis_m3_mve_v0.c                    0x00000000   Number         0  rcc_cmsis_m3_mve_v0.o ABSOLUTE
    system_stm32f1xx.c                       0x00000000   Number         0  system_stm32f1xx.o ABSOLUTE
    systick_cmsis_m3_mve_v0.c                0x00000000   Number         0  systick_cmsis_m3_mve_v0.o ABSOLUTE
    uart_cmsis_m3_mve_v0.c                   0x00000000   Number         0  uart_cmsis_m3_mve_v0.o ABSOLUTE
    RESET                                    0x08000000   Section      236  startup_stm32f103xb.o(RESET)
    !!!main                                  0x080000ec   Section        8  __main.o(!!!main)
    !!!scatter                               0x080000f4   Section       52  __scatter.o(!!!scatter)
    !!handler_copy                           0x08000128   Section       26  __scatter_copy.o(!!handler_copy)
    !!handler_zi                             0x08000144   Section       28  __scatter_zi.o(!!handler_zi)
    .ARM.Collect$$libinit$$00000000          0x08000160   Section        2  libinit.o(.ARM.Collect$$libinit$$00000000)
    .ARM.Collect$$libinit$$00000002          0x08000162   Section        0  libinit2.o(.ARM.Collect$$libinit$$00000002)
    .ARM.Collect$$libinit$$00000004          0x08000162   Section        0  libinit2.o(.ARM.Collect$$libinit$$00000004)
    .ARM.Collect$$libinit$$0000000A          0x08000162   Section        0  libinit2.o(.ARM.Collect$$libinit$$0000000A)
    .ARM.Collect$$libinit$$0000000C          0x08000162   Section        0  libinit2.o(.ARM.Collect$$libinit$$0000000C)
    .ARM.Collect$$libinit$$0000000E          0x08000162   Section        0  libinit2.o(.ARM.Collect$$libinit$$0000000E)
    .ARM.Collect$$libinit$$0000000F          0x08000162   Section        6  libinit2.o(.ARM.Collect$$libinit$$0000000F)
    .ARM.Collect$$libinit$$00000011          0x08000168   Section        0  libinit2.o(.ARM.Collect$$libinit$$00000011)
    .ARM.Collect$$libinit$$00000012          0x08000168   Section       12  libinit2.o(.ARM.Collect$$libinit$$00000012)
    .ARM.Collect$$libinit$$00000013          0x08000174   Section        0  libinit2.o(.ARM.Collect$$libinit$$00000013)
    .ARM.Collect$$libinit$$00000015          0x08000174   Section        0  libinit2.o(.ARM.Collect$$libinit$$00000015)
    .ARM.Collect$$libinit$$00000016          0x08000174   Section       10  libinit2.o(.ARM.Collect$$libinit$$00000016)
    .ARM.Collect$$libinit$$00000017          0x0800017e   Section        0  libinit2.o(.ARM.Collect$$libinit$$00000017)
    .ARM.Collect$$libinit$$00000019          0x0800017e   Section        0  libinit2.o(.ARM.Collect$$libinit$$00000019)
    .ARM.Collect$$libinit$$0000001B          0x0800017e   Section        0  libinit2.o(.ARM.Collect$$libinit$$0000001B)
    .ARM.Collect$$libinit$$0000001D          0x0800017e   Section        0  libinit2.o(.ARM.Collect$$libinit$$0000001D)
    .ARM.Collect$$libinit$$0000001F          0x0800017e   Section        0  libinit2.o(.ARM.Collect$$libinit$$0000001F)
    .ARM.Collect$$libinit$$00000021          0x0800017e   Section        0  libinit2.o(.ARM.Collect$$libinit$$00000021)
    .ARM.Collect$$libinit$$00000023          0x0800017e   Section        0  libinit2.o(.ARM.Collect$$libinit$$00000023)
    .ARM.Collect$$libinit$$00000025          0x0800017e   Section        0  libinit2.o(.ARM.Collect$$libinit$$00000025)
    .ARM.Collect$$libinit$$0000002C          0x0800017e   Section        0  libinit2.o(.ARM.Collect$$libinit$$0000002C)
    .ARM.Collect$$libinit$$0000002E          0x0800017e   Section        0  libinit2.o(.ARM.Collect$$libinit$$0000002E)
    .ARM.Collect$$libinit$$00000030          0x0800017e   Section        0  libinit2.o(.ARM.Collect$$libinit$$00000030)
    .ARM.Collect$$libinit$$00000032          0x0800017e   Section        0  libinit2.o(.ARM.Collect$$libinit$$00000032)
    .ARM.Collect$$libinit$$00000033          0x0800017e   Section        2  libinit2.o(.ARM.Collect$$libinit$$00000033)
    .ARM.Collect$$libshutdown$$00000000      0x08000180   Section        2  libshutdown.o(.ARM.Collect$$libshutdown$$00000000)
    .ARM.Collect$$libshutdown$$00000002      0x08000182   Section        0  libshutdown2.o(.ARM.Collect$$libshutdown$$00000002)
    .ARM.Collect$$libshutdown$$00000004      0x08000182   Section        0  libshutdown2.o(.ARM.Collect$$libshutdown$$00000004)
    .ARM.Collect$$libshutdown$$00000007      0x08000182   Section        0  libshutdown2.o(.ARM.Collect$$libshutdown$$00000007)
    .ARM.Collect$$libshutdown$$0000000A      0x08000182   Section        0  libshutdown2.o(.ARM.Collect$$libshutdown$$0000000A)
    .ARM.Collect$$libshutdown$$0000000C      0x08000182   Section        0  libshutdown2.o(.ARM.Collect$$libshutdown$$0000000C)
    .ARM.Collect$$libshutdown$$0000000F      0x08000182   Section        0  libshutdown2.o(.ARM.Collect$$libshutdown$$0000000F)
    .ARM.Collect$$libshutdown$$00000010      0x08000182   Section        2  libshutdown2.o(.ARM.Collect$$libshutdown$$00000010)
    .ARM.Collect$$rtentry$$00000000          0x08000184   Section        0  __rtentry.o(.ARM.Collect$$rtentry$$00000000)
    .ARM.Collect$$rtentry$$00000002          0x08000184   Section        0  __rtentry2.o(.ARM.Collect$$rtentry$$00000002)
    .ARM.Collect$$rtentry$$00000004          0x08000184   Section        6  __rtentry4.o(.ARM.Collect$$rtentry$$00000004)
    .ARM.Collect$$rtentry$$00000009          0x0800018a   Section        0  __rtentry2.o(.ARM.Collect$$rtentry$$00000009)
    .ARM.Collect$$rtentry$$0000000A          0x0800018a   Section        4  __rtentry2.o(.ARM.Collect$$rtentry$$0000000A)
    .ARM.Collect$$rtentry$$0000000C          0x0800018e   Section        0  __rtentry2.o(.ARM.Collect$$rtentry$$0000000C)
    .ARM.Collect$$rtentry$$0000000D          0x0800018e   Section        8  __rtentry2.o(.ARM.Collect$$rtentry$$0000000D)
    .ARM.Collect$$rtexit$$00000000           0x08000196   Section        2  rtexit.o(.ARM.Collect$$rtexit$$00000000)
    .ARM.Collect$$rtexit$$00000002           0x08000198   Section        0  rtexit2.o(.ARM.Collect$$rtexit$$00000002)
    .ARM.Collect$$rtexit$$00000003           0x08000198   Section        4  rtexit2.o(.ARM.Collect$$rtexit$$00000003)
    .ARM.Collect$$rtexit$$00000004           0x0800019c   Section        6  rtexit2.o(.ARM.Collect$$rtexit$$00000004)
    .text                                    0x080001a4   Section       64  startup_stm32f103xb.o(.text)
    .text                                    0x080001e4   Section        0  atoi.o(.text)
    .text                                    0x080001fe   Section        0  strlen.o(.text)
    .text                                    0x0800023c   Section      128  strcmpv7m.o(.text)
    .text                                    0x080002bc   Section        0  heapauxi.o(.text)
    .text                                    0x080002c4   Section        8  rt_errno_addr_intlibspace.o(.text)
    .text                                    0x080002cc   Section        0  _rserrno.o(.text)
    _local_sscanf                            0x080002e5   Thumb Code    68  strtod.o(.text)
    .text                                    0x080002e4   Section        0  strtod.o(.text)
    .text                                    0x08000394   Section        0  strtol.o(.text)
    .text                                    0x08000404   Section        8  libspace.o(.text)
    .text                                    0x0800040c   Section       16  rt_ctype_table.o(.text)
    .text                                    0x0800041c   Section        0  isspace.o(.text)
    .text                                    0x0800042e   Section        0  _sgetc.o(.text)
    .text                                    0x0800046e   Section        0  _strtoul.o(.text)
    .text                                    0x0800050c   Section       74  sys_stackheap_outer.o(.text)
    .text                                    0x08000558   Section        8  rt_locale_intlibspace.o(.text)
    .text                                    0x08000560   Section        0  _chval.o(.text)
    _fp_value                                0x0800057d   Thumb Code   588  scanf_fp.o(.text)
    .text                                    0x0800057c   Section        0  scanf_fp.o(.text)
    .text                                    0x08000a74   Section        0  bigflt0.o(.text)
    .text                                    0x08000b58   Section        0  exit.o(.text)
    .text                                    0x08000b6a   Section       38  llshl.o(.text)
    .text                                    0x08000b90   Section        0  scanf_hexfp.o(.text)
    .text                                    0x08000eb0   Section        0  scanf_infnan.o(.text)
    .text                                    0x08000fe4   Section        0  sys_exit.o(.text)
    .text                                    0x08000ff0   Section        2  use_no_semi.o(.text)
    .text                                    0x08000ff2   Section        0  indicate_semi.o(.text)
    SysTick_Config                           0x08000ff5   Thumb Code    82  main.o(.text.SysTick_Config)
    [Anonymous Symbol]                       0x08000ff4   Section        0  main.o(.text.SysTick_Config)
    [Anonymous Symbol]                       0x08001048   Section        0  systick_cmsis_m3_mve_v0.o(.text.SysTick_Handler)
    [Anonymous Symbol]                       0x08001058   Section        0  system_stm32f1xx.o(.text.SystemCoreClockUpdate)
    [Anonymous Symbol]                       0x0800117c   Section        0  system_stm32f1xx.o(.text.SystemInit)
    [Anonymous Symbol]                       0x08001180   Section        0  uart_cmsis_m3_mve_v0.o(.text.USART1_IRQHandler)
    [Anonymous Symbol]                       0x08001210   Section        0  can_cmsis_m3_mve_v0.o(.text.USB_LP_CAN1_RX0_IRQHandler)
    __NVIC_EnableIRQ                         0x0800126d   Thumb Code    48  uart_cmsis_m3_mve_v0.o(.text.__NVIC_EnableIRQ)
    [Anonymous Symbol]                       0x0800126c   Section        0  uart_cmsis_m3_mve_v0.o(.text.__NVIC_EnableIRQ)
    __NVIC_SetPriority                       0x0800129d   Thumb Code    66  main.o(.text.__NVIC_SetPriority)
    [Anonymous Symbol]                       0x0800129c   Section        0  main.o(.text.__NVIC_SetPriority)
    [Anonymous Symbol]                       0x080012e0   Section        0  can_cmsis_m3_mve_v0.o(.text.can1_send)
    [Anonymous Symbol]                       0x080014e0   Section        0  can_cmsis_m3_mve_v0.o(.text.can_init)
    [Anonymous Symbol]                       0x08001640   Section        0  gpio_cmsis_m3_mve_v0.o(.text.gpio_init)
    [Anonymous Symbol]                       0x0800166c   Section        0  line_recognition_ciam_mve_v0.o(.text.line_recognition_ciam)
    [Anonymous Symbol]                       0x08001760   Section        0  main.o(.text.main)
    [Anonymous Symbol]                       0x080018f8   Section        0  systick_cmsis_m3_mve_v0.o(.text.mve_delay)
    [Anonymous Symbol]                       0x08001928   Section        0  rcc_cmsis_m3_mve_v0.o(.text.rcc_init)
    [Anonymous Symbol]                       0x080019ec   Section        0  uart_cmsis_m3_mve_v0.o(.text.uart_init)
    [Anonymous Symbol]                       0x08001acc   Section        0  uart_cmsis_m3_mve_v0.o(.text.uart_send)
    CL$$btod_div_common                      0x08001b24   Section      824  btod.o(CL$$btod_div_common)
    CL$$btod_e2d                             0x08001e5c   Section      132  btod.o(CL$$btod_e2d)
    CL$$btod_e2e                             0x08001ee0   Section      220  btod.o(CL$$btod_e2e)
    CL$$btod_ediv                            0x08001fbc   Section       42  btod.o(CL$$btod_ediv)
    CL$$btod_edivd                           0x08001fe6   Section       42  btod.o(CL$$btod_edivd)
    CL$$btod_emul                            0x08002010   Section       42  btod.o(CL$$btod_emul)
    CL$$btod_emuld                           0x0800203a   Section       42  btod.o(CL$$btod_emuld)
    CL$$btod_mult_common                     0x08002064   Section      580  btod.o(CL$$btod_mult_common)
    i.__mathlib_dbl_overflow                 0x080022a8   Section        0  dunder.o(i.__mathlib_dbl_overflow)
    i.__mathlib_dbl_underflow                0x080022b8   Section        0  dunder.o(i.__mathlib_dbl_underflow)
    i.__mathlib_narrow                       0x080022c8   Section        0  narrow.o(i.__mathlib_narrow)
    i.__mathlib_tofloat                      0x080022d8   Section        0  narrow.o(i.__mathlib_tofloat)
    i.__support_ldexp                        0x08002394   Section        0  ldexp.o(i.__support_ldexp)
    i._is_digit                              0x080023aa   Section        0  __printf_wp.o(i._is_digit)
    i.atof                                   0x080023b8   Section        0  atof.o(i.atof)
    i.frexp                                  0x080023e4   Section        0  frexp.o(i.frexp)
    i.ldexp                                  0x0800243c   Section        0  ldexp.o(i.ldexp)
    locale$$code                             0x080024b0   Section       44  lc_numeric_c.o(locale$$code)
    locale$$code                             0x080024dc   Section       44  lc_ctype_c.o(locale$$code)
    x$fpl$d2f                                0x08002508   Section       98  d2f.o(x$fpl$d2f)
    x$fpl$dcheck1                            0x0800256c   Section       16  dcheck1.o(x$fpl$dcheck1)
    x$fpl$dcmpinf                            0x0800257c   Section       24  dcmpi.o(x$fpl$dcmpinf)
    x$fpl$deqf                               0x08002594   Section      120  deqf.o(x$fpl$deqf)
    x$fpl$dleqf                              0x0800260c   Section      120  dleqf.o(x$fpl$dleqf)
    x$fpl$dnaninf                            0x08002684   Section      156  dnaninf.o(x$fpl$dnaninf)
    x$fpl$drleqf                             0x08002720   Section      108  drleqf.o(x$fpl$drleqf)
    x$fpl$ffix                               0x0800278c   Section       54  ffix.o(x$fpl$ffix)
    x$fpl$fmul                               0x080027c4   Section      258  fmul.o(x$fpl$fmul)
    x$fpl$fnaninf                            0x080028c6   Section      140  fnaninf.o(x$fpl$fnaninf)
    x$fpl$fretinf                            0x08002952   Section       10  fretinf.o(x$fpl$fretinf)
    x$fpl$ieeestatus                         0x0800295c   Section        6  istatus.o(x$fpl$ieeestatus)
    x$fpl$retnan                             0x08002962   Section      100  retnan.o(x$fpl$retnan)
    x$fpl$scalbn                             0x080029c6   Section       92  scalbn.o(x$fpl$scalbn)
    x$fpl$scanf1                             0x08002a22   Section        4  scanf1.o(x$fpl$scanf1)
    x$fpl$scanf2                             0x08002a26   Section        8  scanf2.o(x$fpl$scanf2)
    x$fpl$trapveneer                         0x08002a2e   Section       48  trapv.o(x$fpl$trapveneer)
    x$fpl$usenofp                            0x08002a5e   Section        0  usenofp.o(x$fpl$usenofp)
    tenpwrs_x                                0x08002a60   Data          60  bigflt0.o(.constdata)
    .constdata                               0x08002a60   Section      148  bigflt0.o(.constdata)
    tenpwrs_i                                0x08002a9c   Data          64  bigflt0.o(.constdata)
    .L.str.2                                 0x08002b04   Data           9  line_recognition_ciam_mve_v0.o(.rodata.str1.1)
    [Anonymous Symbol]                       0x08002b04   Section        0  line_recognition_ciam_mve_v0.o(.rodata.str1.1)
    .L.str.1                                 0x08002b0d   Data           7  line_recognition_ciam_mve_v0.o(.rodata.str1.1)
    .L.str                                   0x08002b14   Data           6  line_recognition_ciam_mve_v0.o(.rodata.str1.1)
    .L.str.3                                 0x08002b1a   Data           9  line_recognition_ciam_mve_v0.o(.rodata.str1.1)
    c$$dinf                                  0x08002b44   Section        8  fpconst.o(c$$dinf)
    c$$dmax                                  0x08002b4c   Section        8  fpconst.o(c$$dmax)
    locale$$data                             0x08002b54   Section       28  lc_numeric_c.o(locale$$data)
    __lcnum_c_name                           0x08002b58   Data           2  lc_numeric_c.o(locale$$data)
    __lcnum_c_start                          0x08002b60   Data           0  lc_numeric_c.o(locale$$data)
    __lcnum_c_point                          0x08002b6c   Data           0  lc_numeric_c.o(locale$$data)
    __lcnum_c_thousands                      0x08002b6e   Data           0  lc_numeric_c.o(locale$$data)
    __lcnum_c_grouping                       0x08002b6f   Data           0  lc_numeric_c.o(locale$$data)
    __lcnum_c_end                            0x08002b70   Data           0  lc_numeric_c.o(locale$$data)
    locale$$data                             0x08002b70   Section      272  lc_ctype_c.o(locale$$data)
    __lcctype_c_name                         0x08002b74   Data           2  lc_ctype_c.o(locale$$data)
    __lcctype_c_start                        0x08002b7c   Data           0  lc_ctype_c.o(locale$$data)
    __lcctype_c_end                          0x08002c80   Data           0  lc_ctype_c.o(locale$$data)
    .bss                                     0x20000008   Section       96  libspace.o(.bss)
    canRx0DataCounter                        0x20000074   Data           1  can_cmsis_m3_mve_v0.o(.bss.canRx0DataCounter)
    [Anonymous Symbol]                       0x20000074   Section        0  can_cmsis_m3_mve_v0.o(.bss.canRx0DataCounter)
    Heap_Mem                                 0x20000088   Data         512  startup_stm32f103xb.o(HEAP)
    HEAP                                     0x20000088   Section      512  startup_stm32f103xb.o(HEAP)
    Stack_Mem                                0x20000288   Data        1024  startup_stm32f103xb.o(STACK)
    STACK                                    0x20000288   Section     1024  startup_stm32f103xb.o(STACK)
    __initial_sp                             0x20000688   Data           0  startup_stm32f103xb.o(STACK)

    Global Symbols

    Symbol Name                              Value     Ov Type        Size  Object(Section)

    BuildAttributes$$THM_ISAv4$P$D$K$B$S$PE$A:L22UL41UL21$X:L11$S22US41US21$IEEE1$IW$~IW$USESV6$~STKCKD$USESV7$~SHL$OTIME$ROPI$IEEEX$EBA8$UX$STANDARDLIB$REQ8$PRES8$EABIv2 0x00000000   Number         0  anon$$obj.o ABSOLUTE
    __fp_init_empty                          0x00000000   Number         0  fpinit_empty.o ABSOLUTE
    _printf_flags                            0x00000000   Number         0  printf_stubs.o ABSOLUTE
    _printf_return_value                     0x00000000   Number         0  printf_stubs.o ABSOLUTE
    _printf_sizespec                         0x00000000   Number         0  printf_stubs.o ABSOLUTE
    _printf_widthprec                        0x00000000   Number         0  printf_stubs.o ABSOLUTE
    __ARM_exceptions_init                     - Undefined Weak Reference
    __alloca_initialize                       - Undefined Weak Reference
    __arm_preinit_                            - Undefined Weak Reference
    __cpp_initialize__aeabi_                  - Undefined Weak Reference
    __cxa_finalize                            - Undefined Weak Reference
    __sigvec_lookup                           - Undefined Weak Reference
    _atexit_init                              - Undefined Weak Reference
    _call_atexit_fns                          - Undefined Weak Reference
    _clock_init                               - Undefined Weak Reference
    _fp_trap_init                             - Undefined Weak Reference
    _fp_trap_shutdown                         - Undefined Weak Reference
    _get_lc_collate                           - Undefined Weak Reference
    _get_lc_monetary                          - Undefined Weak Reference
    _get_lc_time                              - Undefined Weak Reference
    _getenv_init                              - Undefined Weak Reference
    _handle_redirection                       - Undefined Weak Reference
    _init_alloc                               - Undefined Weak Reference
    _init_user_alloc                          - Undefined Weak Reference
    _initio                                   - Undefined Weak Reference
    _printf_mbtowc                            - Undefined Weak Reference
    _printf_wc                                - Undefined Weak Reference
    _rand_init                                - Undefined Weak Reference
    _signal_finish                            - Undefined Weak Reference
    _signal_init                              - Undefined Weak Reference
    _terminate_alloc                          - Undefined Weak Reference
    _terminate_user_alloc                     - Undefined Weak Reference
    _terminateio                              - Undefined Weak Reference
    __Vectors_Size                           0x000000ec   Number         0  startup_stm32f103xb.o ABSOLUTE
    __Vectors                                0x08000000   Data           4  startup_stm32f103xb.o(RESET)
    __Vectors_End                            0x080000ec   Data           0  startup_stm32f103xb.o(RESET)
    __main                                   0x080000ed   Thumb Code     8  __main.o(!!!main)
    __scatterload                            0x080000f5   Thumb Code     0  __scatter.o(!!!scatter)
    __scatterload_rt2                        0x080000f5   Thumb Code    44  __scatter.o(!!!scatter)
    __scatterload_rt2_thumb_only             0x080000f5   Thumb Code     0  __scatter.o(!!!scatter)
    __scatterload_null                       0x08000103   Thumb Code     0  __scatter.o(!!!scatter)
    __scatterload_copy                       0x08000129   Thumb Code    26  __scatter_copy.o(!!handler_copy)
    __scatterload_zeroinit                   0x08000145   Thumb Code    28  __scatter_zi.o(!!handler_zi)
    __rt_lib_init                            0x08000161   Thumb Code     0  libinit.o(.ARM.Collect$$libinit$$00000000)
    __rt_lib_init_fp_1                       0x08000163   Thumb Code     0  libinit2.o(.ARM.Collect$$libinit$$00000002)
    __rt_lib_init_heap_1                     0x08000163   Thumb Code     0  libinit2.o(.ARM.Collect$$libinit$$0000000A)
    __rt_lib_init_lc_common                  0x08000163   Thumb Code     0  libinit2.o(.ARM.Collect$$libinit$$0000000F)
    __rt_lib_init_preinit_1                  0x08000163   Thumb Code     0  libinit2.o(.ARM.Collect$$libinit$$00000004)
    __rt_lib_init_rand_1                     0x08000163   Thumb Code     0  libinit2.o(.ARM.Collect$$libinit$$0000000E)
    __rt_lib_init_user_alloc_1               0x08000163   Thumb Code     0  libinit2.o(.ARM.Collect$$libinit$$0000000C)
    __rt_lib_init_lc_collate_1               0x08000169   Thumb Code     0  libinit2.o(.ARM.Collect$$libinit$$00000011)
    __rt_lib_init_lc_ctype_2                 0x08000169   Thumb Code     0  libinit2.o(.ARM.Collect$$libinit$$00000012)
    __rt_lib_init_lc_ctype_1                 0x08000175   Thumb Code     0  libinit2.o(.ARM.Collect$$libinit$$00000013)
    __rt_lib_init_lc_monetary_1              0x08000175   Thumb Code     0  libinit2.o(.ARM.Collect$$libinit$$00000015)
    __rt_lib_init_lc_numeric_2               0x08000175   Thumb Code     0  libinit2.o(.ARM.Collect$$libinit$$00000016)
    __rt_lib_init_alloca_1                   0x0800017f   Thumb Code     0  libinit2.o(.ARM.Collect$$libinit$$0000002E)
    __rt_lib_init_argv_1                     0x0800017f   Thumb Code     0  libinit2.o(.ARM.Collect$$libinit$$0000002C)
    __rt_lib_init_atexit_1                   0x0800017f   Thumb Code     0  libinit2.o(.ARM.Collect$$libinit$$0000001B)
    __rt_lib_init_clock_1                    0x0800017f   Thumb Code     0  libinit2.o(.ARM.Collect$$libinit$$00000021)
    __rt_lib_init_cpp_1                      0x0800017f   Thumb Code     0  libinit2.o(.ARM.Collect$$libinit$$00000032)
    __rt_lib_init_exceptions_1               0x0800017f   Thumb Code     0  libinit2.o(.ARM.Collect$$libinit$$00000030)
    __rt_lib_init_fp_trap_1                  0x0800017f   Thumb Code     0  libinit2.o(.ARM.Collect$$libinit$$0000001F)
    __rt_lib_init_getenv_1                   0x0800017f   Thumb Code     0  libinit2.o(.ARM.Collect$$libinit$$00000023)
    __rt_lib_init_lc_numeric_1               0x0800017f   Thumb Code     0  libinit2.o(.ARM.Collect$$libinit$$00000017)
    __rt_lib_init_lc_time_1                  0x0800017f   Thumb Code     0  libinit2.o(.ARM.Collect$$libinit$$00000019)
    __rt_lib_init_return                     0x0800017f   Thumb Code     0  libinit2.o(.ARM.Collect$$libinit$$00000033)
    __rt_lib_init_signal_1                   0x0800017f   Thumb Code     0  libinit2.o(.ARM.Collect$$libinit$$0000001D)
    __rt_lib_init_stdio_1                    0x0800017f   Thumb Code     0  libinit2.o(.ARM.Collect$$libinit$$00000025)
    __rt_lib_shutdown                        0x08000181   Thumb Code     0  libshutdown.o(.ARM.Collect$$libshutdown$$00000000)
    __rt_lib_shutdown_cpp_1                  0x08000183   Thumb Code     0  libshutdown2.o(.ARM.Collect$$libshutdown$$00000002)
    __rt_lib_shutdown_fp_trap_1              0x08000183   Thumb Code     0  libshutdown2.o(.ARM.Collect$$libshutdown$$00000007)
    __rt_lib_shutdown_heap_1                 0x08000183   Thumb Code     0  libshutdown2.o(.ARM.Collect$$libshutdown$$0000000F)
    __rt_lib_shutdown_return                 0x08000183   Thumb Code     0  libshutdown2.o(.ARM.Collect$$libshutdown$$00000010)
    __rt_lib_shutdown_signal_1               0x08000183   Thumb Code     0  libshutdown2.o(.ARM.Collect$$libshutdown$$0000000A)
    __rt_lib_shutdown_stdio_1                0x08000183   Thumb Code     0  libshutdown2.o(.ARM.Collect$$libshutdown$$00000004)
    __rt_lib_shutdown_user_alloc_1           0x08000183   Thumb Code     0  libshutdown2.o(.ARM.Collect$$libshutdown$$0000000C)
    __rt_entry                               0x08000185   Thumb Code     0  __rtentry.o(.ARM.Collect$$rtentry$$00000000)
    __rt_entry_presh_1                       0x08000185   Thumb Code     0  __rtentry2.o(.ARM.Collect$$rtentry$$00000002)
    __rt_entry_sh                            0x08000185   Thumb Code     0  __rtentry4.o(.ARM.Collect$$rtentry$$00000004)
    __rt_entry_li                            0x0800018b   Thumb Code     0  __rtentry2.o(.ARM.Collect$$rtentry$$0000000A)
    __rt_entry_postsh_1                      0x0800018b   Thumb Code     0  __rtentry2.o(.ARM.Collect$$rtentry$$00000009)
    __rt_entry_main                          0x0800018f   Thumb Code     0  __rtentry2.o(.ARM.Collect$$rtentry$$0000000D)
    __rt_entry_postli_1                      0x0800018f   Thumb Code     0  __rtentry2.o(.ARM.Collect$$rtentry$$0000000C)
    __rt_exit                                0x08000197   Thumb Code     0  rtexit.o(.ARM.Collect$$rtexit$$00000000)
    __rt_exit_ls                             0x08000199   Thumb Code     0  rtexit2.o(.ARM.Collect$$rtexit$$00000003)
    __rt_exit_prels_1                        0x08000199   Thumb Code     0  rtexit2.o(.ARM.Collect$$rtexit$$00000002)
    __rt_exit_exit                           0x0800019d   Thumb Code     0  rtexit2.o(.ARM.Collect$$rtexit$$00000004)
    Reset_Handler                            0x080001a5   Thumb Code     8  startup_stm32f103xb.o(.text)
    NMI_Handler                              0x080001ad   Thumb Code     2  startup_stm32f103xb.o(.text)
    HardFault_Handler                        0x080001af   Thumb Code     2  startup_stm32f103xb.o(.text)
    MemManage_Handler                        0x080001b1   Thumb Code     2  startup_stm32f103xb.o(.text)
    BusFault_Handler                         0x080001b3   Thumb Code     2  startup_stm32f103xb.o(.text)
    UsageFault_Handler                       0x080001b5   Thumb Code     2  startup_stm32f103xb.o(.text)
    SVC_Handler                              0x080001b7   Thumb Code     2  startup_stm32f103xb.o(.text)
    DebugMon_Handler                         0x080001b9   Thumb Code     2  startup_stm32f103xb.o(.text)
    PendSV_Handler                           0x080001bb   Thumb Code     2  startup_stm32f103xb.o(.text)
    ADC1_2_IRQHandler                        0x080001bf   Thumb Code     0  startup_stm32f103xb.o(.text)
    CAN1_RX1_IRQHandler                      0x080001bf   Thumb Code     0  startup_stm32f103xb.o(.text)
    CAN1_SCE_IRQHandler                      0x080001bf   Thumb Code     0  startup_stm32f103xb.o(.text)
    DMA1_Channel1_IRQHandler                 0x080001bf   Thumb Code     0  startup_stm32f103xb.o(.text)
    DMA1_Channel2_IRQHandler                 0x080001bf   Thumb Code     0  startup_stm32f103xb.o(.text)
    DMA1_Channel3_IRQHandler                 0x080001bf   Thumb Code     0  startup_stm32f103xb.o(.text)
    DMA1_Channel4_IRQHandler                 0x080001bf   Thumb Code     0  startup_stm32f103xb.o(.text)
    DMA1_Channel5_IRQHandler                 0x080001bf   Thumb Code     0  startup_stm32f103xb.o(.text)
    DMA1_Channel6_IRQHandler                 0x080001bf   Thumb Code     0  startup_stm32f103xb.o(.text)
    DMA1_Channel7_IRQHandler                 0x080001bf   Thumb Code     0  startup_stm32f103xb.o(.text)
    EXTI0_IRQHandler                         0x080001bf   Thumb Code     0  startup_stm32f103xb.o(.text)
    EXTI15_10_IRQHandler                     0x080001bf   Thumb Code     0  startup_stm32f103xb.o(.text)
    EXTI1_IRQHandler                         0x080001bf   Thumb Code     0  startup_stm32f103xb.o(.text)
    EXTI2_IRQHandler                         0x080001bf   Thumb Code     0  startup_stm32f103xb.o(.text)
    EXTI3_IRQHandler                         0x080001bf   Thumb Code     0  startup_stm32f103xb.o(.text)
    EXTI4_IRQHandler                         0x080001bf   Thumb Code     0  startup_stm32f103xb.o(.text)
    EXTI9_5_IRQHandler                       0x080001bf   Thumb Code     0  startup_stm32f103xb.o(.text)
    FLASH_IRQHandler                         0x080001bf   Thumb Code     0  startup_stm32f103xb.o(.text)
    I2C1_ER_IRQHandler                       0x080001bf   Thumb Code     0  startup_stm32f103xb.o(.text)
    I2C1_EV_IRQHandler                       0x080001bf   Thumb Code     0  startup_stm32f103xb.o(.text)
    I2C2_ER_IRQHandler                       0x080001bf   Thumb Code     0  startup_stm32f103xb.o(.text)
    I2C2_EV_IRQHandler                       0x080001bf   Thumb Code     0  startup_stm32f103xb.o(.text)
    PVD_IRQHandler                           0x080001bf   Thumb Code     0  startup_stm32f103xb.o(.text)
    RCC_IRQHandler                           0x080001bf   Thumb Code     0  startup_stm32f103xb.o(.text)
    RTC_Alarm_IRQHandler                     0x080001bf   Thumb Code     0  startup_stm32f103xb.o(.text)
    RTC_IRQHandler                           0x080001bf   Thumb Code     0  startup_stm32f103xb.o(.text)
    SPI1_IRQHandler                          0x080001bf   Thumb Code     0  startup_stm32f103xb.o(.text)
    SPI2_IRQHandler                          0x080001bf   Thumb Code     0  startup_stm32f103xb.o(.text)
    TAMPER_IRQHandler                        0x080001bf   Thumb Code     0  startup_stm32f103xb.o(.text)
    TIM1_BRK_IRQHandler                      0x080001bf   Thumb Code     0  startup_stm32f103xb.o(.text)
    TIM1_CC_IRQHandler                       0x080001bf   Thumb Code     0  startup_stm32f103xb.o(.text)
    TIM1_TRG_COM_IRQHandler                  0x080001bf   Thumb Code     0  startup_stm32f103xb.o(.text)
    TIM1_UP_IRQHandler                       0x080001bf   Thumb Code     0  startup_stm32f103xb.o(.text)
    TIM2_IRQHandler                          0x080001bf   Thumb Code     0  startup_stm32f103xb.o(.text)
    TIM3_IRQHandler                          0x080001bf   Thumb Code     0  startup_stm32f103xb.o(.text)
    TIM4_IRQHandler                          0x080001bf   Thumb Code     0  startup_stm32f103xb.o(.text)
    USART2_IRQHandler                        0x080001bf   Thumb Code     0  startup_stm32f103xb.o(.text)
    USART3_IRQHandler                        0x080001bf   Thumb Code     0  startup_stm32f103xb.o(.text)
    USBWakeUp_IRQHandler                     0x080001bf   Thumb Code     0  startup_stm32f103xb.o(.text)
    USB_HP_CAN1_TX_IRQHandler                0x080001bf   Thumb Code     0  startup_stm32f103xb.o(.text)
    WWDG_IRQHandler                          0x080001bf   Thumb Code     0  startup_stm32f103xb.o(.text)
    __user_initial_stackheap                 0x080001c1   Thumb Code     0  startup_stm32f103xb.o(.text)
    atoi                                     0x080001e5   Thumb Code    26  atoi.o(.text)
    strlen                                   0x080001ff   Thumb Code    62  strlen.o(.text)
    strcmp                                   0x0800023d   Thumb Code   128  strcmpv7m.o(.text)
    __use_two_region_memory                  0x080002bd   Thumb Code     2  heapauxi.o(.text)
    __rt_heap_escrow$2region                 0x080002bf   Thumb Code     2  heapauxi.o(.text)
    __rt_heap_expand$2region                 0x080002c1   Thumb Code     2  heapauxi.o(.text)
    __aeabi_errno_addr                       0x080002c5   Thumb Code     8  rt_errno_addr_intlibspace.o(.text)
    __errno$intlibspace                      0x080002c5   Thumb Code     0  rt_errno_addr_intlibspace.o(.text)
    __rt_errno_addr$intlibspace              0x080002c5   Thumb Code     0  rt_errno_addr_intlibspace.o(.text)
    __read_errno                             0x080002cd   Thumb Code    10  _rserrno.o(.text)
    __set_errno                              0x080002d7   Thumb Code    12  _rserrno.o(.text)
    __strtod_int                             0x08000329   Thumb Code    94  strtod.o(.text)
    strtol                                   0x08000395   Thumb Code   112  strtol.o(.text)
    __user_libspace                          0x08000405   Thumb Code     8  libspace.o(.text)
    __user_perproc_libspace                  0x08000405   Thumb Code     0  libspace.o(.text)
    __user_perthread_libspace                0x08000405   Thumb Code     0  libspace.o(.text)
    __rt_ctype_table                         0x0800040d   Thumb Code    16  rt_ctype_table.o(.text)
    isspace                                  0x0800041d   Thumb Code    18  isspace.o(.text)
    _sgetc                                   0x0800042f   Thumb Code    30  _sgetc.o(.text)
    _sbackspace                              0x0800044d   Thumb Code    34  _sgetc.o(.text)
    _strtoul                                 0x0800046f   Thumb Code   158  _strtoul.o(.text)
    __user_setup_stackheap                   0x0800050d   Thumb Code    74  sys_stackheap_outer.o(.text)
    __rt_locale                              0x08000559   Thumb Code     8  rt_locale_intlibspace.o(.text)
    _chval                                   0x08000561   Thumb Code    28  _chval.o(.text)
    _scanf_really_real                       0x080007c9   Thumb Code   684  scanf_fp.o(.text)
    _btod_etento                             0x08000a75   Thumb Code   224  bigflt0.o(.text)
    exit                                     0x08000b59   Thumb Code    18  exit.o(.text)
    __aeabi_llsl                             0x08000b6b   Thumb Code     0  llshl.o(.text)
    _ll_shift_l                              0x08000b6b   Thumb Code    38  llshl.o(.text)
    _scanf_really_hex_real                   0x08000b91   Thumb Code   786  scanf_hexfp.o(.text)
    _scanf_really_infnan                     0x08000eb1   Thumb Code   292  scanf_infnan.o(.text)
    _sys_exit                                0x08000fe5   Thumb Code     8  sys_exit.o(.text)
    __I$use$semihosting                      0x08000ff1   Thumb Code     0  use_no_semi.o(.text)
    __use_no_semihosting_swi                 0x08000ff1   Thumb Code     2  use_no_semi.o(.text)
    __semihosting_library_function           0x08000ff3   Thumb Code     0  indicate_semi.o(.text)
    SysTick_Handler                          0x08001049   Thumb Code    16  systick_cmsis_m3_mve_v0.o(.text.SysTick_Handler)
    SystemCoreClockUpdate                    0x08001059   Thumb Code   290  system_stm32f1xx.o(.text.SystemCoreClockUpdate)
    SystemInit                               0x0800117d   Thumb Code     2  system_stm32f1xx.o(.text.SystemInit)
    USART1_IRQHandler                        0x08001181   Thumb Code   144  uart_cmsis_m3_mve_v0.o(.text.USART1_IRQHandler)
    USB_LP_CAN1_RX0_IRQHandler               0x08001211   Thumb Code    90  can_cmsis_m3_mve_v0.o(.text.USB_LP_CAN1_RX0_IRQHandler)
    can1_send                                0x080012e1   Thumb Code   510  can_cmsis_m3_mve_v0.o(.text.can1_send)
    can_init                                 0x080014e1   Thumb Code   350  can_cmsis_m3_mve_v0.o(.text.can_init)
    gpio_init                                0x08001641   Thumb Code    44  gpio_cmsis_m3_mve_v0.o(.text.gpio_init)
    line_recognition_ciam                    0x0800166d   Thumb Code   242  line_recognition_ciam_mve_v0.o(.text.line_recognition_ciam)
    main                                     0x08001761   Thumb Code   408  main.o(.text.main)
    mve_delay                                0x080018f9   Thumb Code    46  systick_cmsis_m3_mve_v0.o(.text.mve_delay)
    rcc_init                                 0x08001929   Thumb Code   194  rcc_cmsis_m3_mve_v0.o(.text.rcc_init)
    uart_init                                0x080019ed   Thumb Code   222  uart_cmsis_m3_mve_v0.o(.text.uart_init)
    uart_send                                0x08001acd   Thumb Code    88  uart_cmsis_m3_mve_v0.o(.text.uart_send)
    __btod_div_common                        0x08001b25   Thumb Code   696  btod.o(CL$$btod_div_common)
    _e2d                                     0x08001e5d   Thumb Code   122  btod.o(CL$$btod_e2d)
    _e2e                                     0x08001ee1   Thumb Code   220  btod.o(CL$$btod_e2e)
    _btod_ediv                               0x08001fbd   Thumb Code    42  btod.o(CL$$btod_ediv)
    _btod_edivd                              0x08001fe7   Thumb Code    42  btod.o(CL$$btod_edivd)
    _btod_emul                               0x08002011   Thumb Code    42  btod.o(CL$$btod_emul)
    _btod_emuld                              0x0800203b   Thumb Code    42  btod.o(CL$$btod_emuld)
    __btod_mult_common                       0x08002065   Thumb Code   580  btod.o(CL$$btod_mult_common)
    __mathlib_dbl_overflow                   0x080022a9   Thumb Code    14  dunder.o(i.__mathlib_dbl_overflow)
    __mathlib_dbl_underflow                  0x080022b9   Thumb Code    10  dunder.o(i.__mathlib_dbl_underflow)
    __mathlib_narrow                         0x080022c9   Thumb Code    16  narrow.o(i.__mathlib_narrow)
    __mathlib_tofloat                        0x080022d9   Thumb Code   184  narrow.o(i.__mathlib_tofloat)
    __support_ldexp                          0x08002395   Thumb Code    22  ldexp.o(i.__support_ldexp)
    _is_digit                                0x080023ab   Thumb Code    14  __printf_wp.o(i._is_digit)
    atof                                     0x080023b9   Thumb Code    44  atof.o(i.atof)
    frexp                                    0x080023e5   Thumb Code    80  frexp.o(i.frexp)
    ldexp                                    0x0800243d   Thumb Code   116  ldexp.o(i.ldexp)
    _get_lc_numeric                          0x080024b1   Thumb Code    44  lc_numeric_c.o(locale$$code)
    _get_lc_ctype                            0x080024dd   Thumb Code    44  lc_ctype_c.o(locale$$code)
    __aeabi_d2f                              0x08002509   Thumb Code     0  d2f.o(x$fpl$d2f)
    _d2f                                     0x08002509   Thumb Code    98  d2f.o(x$fpl$d2f)
    __fpl_dcheck_NaN1                        0x0800256d   Thumb Code    10  dcheck1.o(x$fpl$dcheck1)
    __fpl_dcmp_Inf                           0x0800257d   Thumb Code    24  dcmpi.o(x$fpl$dcmpinf)
    __aeabi_cdcmpeq                          0x08002595   Thumb Code     0  deqf.o(x$fpl$deqf)
    _dcmpeq                                  0x08002595   Thumb Code   120  deqf.o(x$fpl$deqf)
    __aeabi_cdcmple                          0x0800260d   Thumb Code     0  dleqf.o(x$fpl$dleqf)
    _dcmple                                  0x0800260d   Thumb Code   120  dleqf.o(x$fpl$dleqf)
    __fpl_dcmple_InfNaN                      0x0800266f   Thumb Code     0  dleqf.o(x$fpl$dleqf)
    __fpl_dnaninf                            0x08002685   Thumb Code   156  dnaninf.o(x$fpl$dnaninf)
    __aeabi_cdrcmple                         0x08002721   Thumb Code     0  drleqf.o(x$fpl$drleqf)
    _drcmple                                 0x08002721   Thumb Code   108  drleqf.o(x$fpl$drleqf)
    __aeabi_f2iz                             0x0800278d   Thumb Code     0  ffix.o(x$fpl$ffix)
    _ffix                                    0x0800278d   Thumb Code    54  ffix.o(x$fpl$ffix)
    __aeabi_fmul                             0x080027c5   Thumb Code     0  fmul.o(x$fpl$fmul)
    _fmul                                    0x080027c5   Thumb Code   258  fmul.o(x$fpl$fmul)
    __fpl_fnaninf                            0x080028c7   Thumb Code   140  fnaninf.o(x$fpl$fnaninf)
    __fpl_fretinf                            0x08002953   Thumb Code    10  fretinf.o(x$fpl$fretinf)
    __ieee_status                            0x0800295d   Thumb Code     6  istatus.o(x$fpl$ieeestatus)
    __fpl_return_NaN                         0x08002963   Thumb Code   100  retnan.o(x$fpl$retnan)
    __ARM_scalbn                             0x080029c7   Thumb Code    92  scalbn.o(x$fpl$scalbn)
    _scanf_real                              0x08002a23   Thumb Code     4  scanf1.o(x$fpl$scanf1)
    _scanf_hex_real                          0x08002a27   Thumb Code     4  scanf2.o(x$fpl$scanf2)
    _scanf_infnan                            0x08002a2b   Thumb Code     4  scanf2.o(x$fpl$scanf2)
    __fpl_cmpreturn                          0x08002a2f   Thumb Code    48  trapv.o(x$fpl$trapveneer)
    __I$use$fp                               0x08002a5e   Number         0  usenofp.o(x$fpl$usenofp)
    AHBPrescTable                            0x08002af4   Data          16  system_stm32f1xx.o(.rodata.AHBPrescTable)
    Region$$Table$$Base                      0x08002b24   Number         0  anon$$obj.o(Region$$Table)
    Region$$Table$$Limit                     0x08002b44   Number         0  anon$$obj.o(Region$$Table)
    __aeabi_HUGE_VAL                         0x08002b44   Data           0  fpconst.o(c$$dinf)
    __aeabi_HUGE_VALL                        0x08002b44   Data           0  fpconst.o(c$$dinf)
    __aeabi_INFINITY                         0x08002b44   Data           0  fpconst.o(c$$dinf)
    __dInf                                   0x08002b44   Data           0  fpconst.o(c$$dinf)
    __huge_val                               0x08002b44   Data           0  fpconst.o(c$$dinf)
    __dbl_max                                0x08002b4c   Data           0  fpconst.o(c$$dmax)
    __ctype                                  0x08002b7d   Data           0  lc_ctype_c.o(locale$$data)
    SystemCoreClock                          0x20000000   Data           4  system_stm32f1xx.o(.data.SystemCoreClock)
    __libspace_start                         0x20000008   Data          96  libspace.o(.bss)
    __temporary_stack_top$libspace           0x20000068   Data           0  libspace.o(.bss)
    canRx0Data                               0x20000068   Data          12  main.o(.bss.canRx0Data)
    flagRxCan                                0x20000075   Data           1  main.o(.bss.flagRxCan)
    msTicks                                  0x20000078   Data           4  main.o(.bss.msTicks)
    rxCounter                                0x2000007c   Data           1  main.o(.bss.rxCounter)
    rxUartIt                                 0x2000007d   Data           8  main.o(.bss.rxUartIt)



==============================================================================

Memory Map of the image

  Image Entry point : 0x080001a5

  Load Region LR_1 (Base: 0x08000000, Size: 0x00002c84, Max: 0xffffffff, ABSOLUTE)

    Execution Region ER_RO (Exec base: 0x08000000, Load base: 0x08000000, Size: 0x00002c80, Max: 0xffffffff, ABSOLUTE)

    Exec Addr    Load Addr    Size         Type   Attr      Idx    E Section Name        Object

    0x08000000   0x08000000   0x000000ec   Data   RO           25    RESET               startup_stm32f103xb.o
    0x080000ec   0x080000ec   0x00000008   Code   RO          140  * !!!main             c_w.l(__main.o)
    0x080000f4   0x080000f4   0x00000034   Code   RO          597    !!!scatter          c_w.l(__scatter.o)
    0x08000128   0x08000128   0x0000001a   Code   RO          599    !!handler_copy      c_w.l(__scatter_copy.o)
    0x08000142   0x08000142   0x00000002   PAD
    0x08000144   0x08000144   0x0000001c   Code   RO          601    !!handler_zi        c_w.l(__scatter_zi.o)
    0x08000160   0x08000160   0x00000002   Code   RO          377    .ARM.Collect$$libinit$$00000000  c_w.l(libinit.o)
    0x08000162   0x08000162   0x00000000   Code   RO          379    .ARM.Collect$$libinit$$00000002  c_w.l(libinit2.o)
    0x08000162   0x08000162   0x00000000   Code   RO          381    .ARM.Collect$$libinit$$00000004  c_w.l(libinit2.o)
    0x08000162   0x08000162   0x00000000   Code   RO          384    .ARM.Collect$$libinit$$0000000A  c_w.l(libinit2.o)
    0x08000162   0x08000162   0x00000000   Code   RO          386    .ARM.Collect$$libinit$$0000000C  c_w.l(libinit2.o)
    0x08000162   0x08000162   0x00000000   Code   RO          388    .ARM.Collect$$libinit$$0000000E  c_w.l(libinit2.o)
    0x08000162   0x08000162   0x00000006   Code   RO          389    .ARM.Collect$$libinit$$0000000F  c_w.l(libinit2.o)
    0x08000168   0x08000168   0x00000000   Code   RO          391    .ARM.Collect$$libinit$$00000011  c_w.l(libinit2.o)
    0x08000168   0x08000168   0x0000000c   Code   RO          392    .ARM.Collect$$libinit$$00000012  c_w.l(libinit2.o)
    0x08000174   0x08000174   0x00000000   Code   RO          393    .ARM.Collect$$libinit$$00000013  c_w.l(libinit2.o)
    0x08000174   0x08000174   0x00000000   Code   RO          395    .ARM.Collect$$libinit$$00000015  c_w.l(libinit2.o)
    0x08000174   0x08000174   0x0000000a   Code   RO          396    .ARM.Collect$$libinit$$00000016  c_w.l(libinit2.o)
    0x0800017e   0x0800017e   0x00000000   Code   RO          397    .ARM.Collect$$libinit$$00000017  c_w.l(libinit2.o)
    0x0800017e   0x0800017e   0x00000000   Code   RO          399    .ARM.Collect$$libinit$$00000019  c_w.l(libinit2.o)
    0x0800017e   0x0800017e   0x00000000   Code   RO          401    .ARM.Collect$$libinit$$0000001B  c_w.l(libinit2.o)
    0x0800017e   0x0800017e   0x00000000   Code   RO          403    .ARM.Collect$$libinit$$0000001D  c_w.l(libinit2.o)
    0x0800017e   0x0800017e   0x00000000   Code   RO          405    .ARM.Collect$$libinit$$0000001F  c_w.l(libinit2.o)
    0x0800017e   0x0800017e   0x00000000   Code   RO          407    .ARM.Collect$$libinit$$00000021  c_w.l(libinit2.o)
    0x0800017e   0x0800017e   0x00000000   Code   RO          409    .ARM.Collect$$libinit$$00000023  c_w.l(libinit2.o)
    0x0800017e   0x0800017e   0x00000000   Code   RO          411    .ARM.Collect$$libinit$$00000025  c_w.l(libinit2.o)
    0x0800017e   0x0800017e   0x00000000   Code   RO          415    .ARM.Collect$$libinit$$0000002C  c_w.l(libinit2.o)
    0x0800017e   0x0800017e   0x00000000   Code   RO          417    .ARM.Collect$$libinit$$0000002E  c_w.l(libinit2.o)
    0x0800017e   0x0800017e   0x00000000   Code   RO          419    .ARM.Collect$$libinit$$00000030  c_w.l(libinit2.o)
    0x0800017e   0x0800017e   0x00000000   Code   RO          421    .ARM.Collect$$libinit$$00000032  c_w.l(libinit2.o)
    0x0800017e   0x0800017e   0x00000002   Code   RO          422    .ARM.Collect$$libinit$$00000033  c_w.l(libinit2.o)
    0x08000180   0x08000180   0x00000002   Code   RO          497    .ARM.Collect$$libshutdown$$00000000  c_w.l(libshutdown.o)
    0x08000182   0x08000182   0x00000000   Code   RO          520    .ARM.Collect$$libshutdown$$00000002  c_w.l(libshutdown2.o)
    0x08000182   0x08000182   0x00000000   Code   RO          522    .ARM.Collect$$libshutdown$$00000004  c_w.l(libshutdown2.o)
    0x08000182   0x08000182   0x00000000   Code   RO          525    .ARM.Collect$$libshutdown$$00000007  c_w.l(libshutdown2.o)
    0x08000182   0x08000182   0x00000000   Code   RO          528    .ARM.Collect$$libshutdown$$0000000A  c_w.l(libshutdown2.o)
    0x08000182   0x08000182   0x00000000   Code   RO          530    .ARM.Collect$$libshutdown$$0000000C  c_w.l(libshutdown2.o)
    0x08000182   0x08000182   0x00000000   Code   RO          533    .ARM.Collect$$libshutdown$$0000000F  c_w.l(libshutdown2.o)
    0x08000182   0x08000182   0x00000002   Code   RO          534    .ARM.Collect$$libshutdown$$00000010  c_w.l(libshutdown2.o)
    0x08000184   0x08000184   0x00000000   Code   RO          154    .ARM.Collect$$rtentry$$00000000  c_w.l(__rtentry.o)
    0x08000184   0x08000184   0x00000000   Code   RO          278    .ARM.Collect$$rtentry$$00000002  c_w.l(__rtentry2.o)
    0x08000184   0x08000184   0x00000006   Code   RO          290    .ARM.Collect$$rtentry$$00000004  c_w.l(__rtentry4.o)
    0x0800018a   0x0800018a   0x00000000   Code   RO          280    .ARM.Collect$$rtentry$$00000009  c_w.l(__rtentry2.o)
    0x0800018a   0x0800018a   0x00000004   Code   RO          281    .ARM.Collect$$rtentry$$0000000A  c_w.l(__rtentry2.o)
    0x0800018e   0x0800018e   0x00000000   Code   RO          283    .ARM.Collect$$rtentry$$0000000C  c_w.l(__rtentry2.o)
    0x0800018e   0x0800018e   0x00000008   Code   RO          284    .ARM.Collect$$rtentry$$0000000D  c_w.l(__rtentry2.o)
    0x08000196   0x08000196   0x00000002   Code   RO          427    .ARM.Collect$$rtexit$$00000000  c_w.l(rtexit.o)
    0x08000198   0x08000198   0x00000000   Code   RO          457    .ARM.Collect$$rtexit$$00000002  c_w.l(rtexit2.o)
    0x08000198   0x08000198   0x00000004   Code   RO          458    .ARM.Collect$$rtexit$$00000003  c_w.l(rtexit2.o)
    0x0800019c   0x0800019c   0x00000006   Code   RO          459    .ARM.Collect$$rtexit$$00000004  c_w.l(rtexit2.o)
    0x080001a2   0x080001a2   0x00000002   PAD
    0x080001a4   0x080001a4   0x00000040   Code   RO           26  * .text               startup_stm32f103xb.o
    0x080001e4   0x080001e4   0x0000001a   Code   RO          130    .text               c_w.l(atoi.o)
    0x080001fe   0x080001fe   0x0000003e   Code   RO          132    .text               c_w.l(strlen.o)
    0x0800023c   0x0800023c   0x00000080   Code   RO          136    .text               c_w.l(strcmpv7m.o)
    0x080002bc   0x080002bc   0x00000006   Code   RO          138    .text               c_w.l(heapauxi.o)
    0x080002c2   0x080002c2   0x00000002   PAD
    0x080002c4   0x080002c4   0x00000008   Code   RO          158    .text               c_w.l(rt_errno_addr_intlibspace.o)
    0x080002cc   0x080002cc   0x00000016   Code   RO          160    .text               c_w.l(_rserrno.o)
    0x080002e2   0x080002e2   0x00000002   PAD
    0x080002e4   0x080002e4   0x000000b0   Code   RO          253    .text               c_w.l(strtod.o)
    0x08000394   0x08000394   0x00000070   Code   RO          255    .text               c_w.l(strtol.o)
    0x08000404   0x08000404   0x00000008   Code   RO          274    .text               c_w.l(libspace.o)
    0x0800040c   0x0800040c   0x00000010   Code   RO          292    .text               c_w.l(rt_ctype_table.o)
    0x0800041c   0x0800041c   0x00000012   Code   RO          296    .text               c_w.l(isspace.o)
    0x0800042e   0x0800042e   0x00000040   Code   RO          314    .text               c_w.l(_sgetc.o)
    0x0800046e   0x0800046e   0x0000009e   Code   RO          316    .text               c_w.l(_strtoul.o)
    0x0800050c   0x0800050c   0x0000004a   Code   RO          325    .text               c_w.l(sys_stackheap_outer.o)
    0x08000556   0x08000556   0x00000002   PAD
    0x08000558   0x08000558   0x00000008   Code   RO          330    .text               c_w.l(rt_locale_intlibspace.o)
    0x08000560   0x08000560   0x0000001c   Code   RO          334    .text               c_w.l(_chval.o)
    0x0800057c   0x0800057c   0x000004f8   Code   RO          336    .text               c_w.l(scanf_fp.o)
    0x08000a74   0x08000a74   0x000000e4   Code   RO          340    .text               c_w.l(bigflt0.o)
    0x08000b58   0x08000b58   0x00000012   Code   RO          370    .text               c_w.l(exit.o)
    0x08000b6a   0x08000b6a   0x00000026   Code   RO          429    .text               c_w.l(llshl.o)
    0x08000b90   0x08000b90   0x00000320   Code   RO          465    .text               c_w.l(scanf_hexfp.o)
    0x08000eb0   0x08000eb0   0x00000134   Code   RO          467    .text               c_w.l(scanf_infnan.o)
    0x08000fe4   0x08000fe4   0x0000000c   Code   RO          483    .text               c_w.l(sys_exit.o)
    0x08000ff0   0x08000ff0   0x00000002   Code   RO          510    .text               c_w.l(use_no_semi.o)
    0x08000ff2   0x08000ff2   0x00000000   Code   RO          512    .text               c_w.l(indicate_semi.o)
    0x08000ff2   0x08000ff2   0x00000002   PAD
    0x08000ff4   0x08000ff4   0x00000052   Code   RO            4    .text.SysTick_Config  main.o
    0x08001046   0x08001046   0x00000002   PAD
    0x08001048   0x08001048   0x00000010   Code   RO           47    .text.SysTick_Handler  systick_cmsis_m3_mve_v0.o
    0x08001058   0x08001058   0x00000122   Code   RO           35    .text.SystemCoreClockUpdate  system_stm32f1xx.o
    0x0800117a   0x0800117a   0x00000002   PAD
    0x0800117c   0x0800117c   0x00000002   Code   RO           33    .text.SystemInit    system_stm32f1xx.o
    0x0800117e   0x0800117e   0x00000002   PAD
    0x08001180   0x08001180   0x00000090   Code   RO           77    .text.USART1_IRQHandler  uart_cmsis_m3_mve_v0.o
    0x08001210   0x08001210   0x0000005a   Code   RO          103    .text.USB_LP_CAN1_RX0_IRQHandler  can_cmsis_m3_mve_v0.o
    0x0800126a   0x0800126a   0x00000002   PAD
    0x0800126c   0x0800126c   0x00000030   Code   RO           81    .text.__NVIC_EnableIRQ  uart_cmsis_m3_mve_v0.o
    0x0800129c   0x0800129c   0x00000042   Code   RO            6    .text.__NVIC_SetPriority  main.o
    0x080012de   0x080012de   0x00000002   PAD
    0x080012e0   0x080012e0   0x000001fe   Code   RO          107    .text.can1_send     can_cmsis_m3_mve_v0.o
    0x080014de   0x080014de   0x00000002   PAD
    0x080014e0   0x080014e0   0x0000015e   Code   RO          105    .text.can_init      can_cmsis_m3_mve_v0.o
    0x0800163e   0x0800163e   0x00000002   PAD
    0x08001640   0x08001640   0x0000002c   Code   RO           58    .text.gpio_init     gpio_cmsis_m3_mve_v0.o
    0x0800166c   0x0800166c   0x000000f2   Code   RO           94    .text.line_recognition_ciam  line_recognition_ciam_mve_v0.o
    0x0800175e   0x0800175e   0x00000002   PAD
    0x08001760   0x08001760   0x00000198   Code   RO            2    .text.main          main.o
    0x080018f8   0x080018f8   0x0000002e   Code   RO           49    .text.mve_delay     systick_cmsis_m3_mve_v0.o
    0x08001926   0x08001926   0x00000002   PAD
    0x08001928   0x08001928   0x000000c2   Code   RO           66    .text.rcc_init      rcc_cmsis_m3_mve_v0.o
    0x080019ea   0x080019ea   0x00000002   PAD
    0x080019ec   0x080019ec   0x000000de   Code   RO           79    .text.uart_init     uart_cmsis_m3_mve_v0.o
    0x08001aca   0x08001aca   0x00000002   PAD
    0x08001acc   0x08001acc   0x00000058   Code   RO           83    .text.uart_send     uart_cmsis_m3_mve_v0.o
    0x08001b24   0x08001b24   0x00000338   Code   RO          353    CL$$btod_div_common  c_w.l(btod.o)
    0x08001e5c   0x08001e5c   0x00000084   Code   RO          351    CL$$btod_e2d        c_w.l(btod.o)
    0x08001ee0   0x08001ee0   0x000000dc   Code   RO          350    CL$$btod_e2e        c_w.l(btod.o)
    0x08001fbc   0x08001fbc   0x0000002a   Code   RO          347    CL$$btod_ediv       c_w.l(btod.o)
    0x08001fe6   0x08001fe6   0x0000002a   Code   RO          349    CL$$btod_edivd      c_w.l(btod.o)
    0x08002010   0x08002010   0x0000002a   Code   RO          346    CL$$btod_emul       c_w.l(btod.o)
    0x0800203a   0x0800203a   0x0000002a   Code   RO          348    CL$$btod_emuld      c_w.l(btod.o)
    0x08002064   0x08002064   0x00000244   Code   RO          352    CL$$btod_mult_common  c_w.l(btod.o)
    0x080022a8   0x080022a8   0x0000000e   Code   RO          541    i.__mathlib_dbl_overflow  m_ws.l(dunder.o)
    0x080022b6   0x080022b6   0x00000002   PAD
    0x080022b8   0x080022b8   0x00000010   Code   RO          543    i.__mathlib_dbl_underflow  m_ws.l(dunder.o)
    0x080022c8   0x080022c8   0x00000010   Code   RO          450    i.__mathlib_narrow  m_ws.l(narrow.o)
    0x080022d8   0x080022d8   0x000000bc   Code   RO          451    i.__mathlib_tofloat  m_ws.l(narrow.o)
    0x08002394   0x08002394   0x00000016   Code   RO          505    i.__support_ldexp   m_ws.l(ldexp.o)
    0x080023aa   0x080023aa   0x0000000e   Code   RO          220    i._is_digit         c_w.l(__printf_wp.o)
    0x080023b8   0x080023b8   0x0000002c   Code   RO          151    i.atof              m_ws.l(atof.o)
    0x080023e4   0x080023e4   0x00000058   Code   RO          478    i.frexp             m_ws.l(frexp.o)
    0x0800243c   0x0800243c   0x00000074   Code   RO          506    i.ldexp             m_ws.l(ldexp.o)
    0x080024b0   0x080024b0   0x0000002c   Code   RO          321    locale$$code        c_w.l(lc_numeric_c.o)
    0x080024dc   0x080024dc   0x0000002c   Code   RO          368    locale$$code        c_w.l(lc_ctype_c.o)
    0x08002508   0x08002508   0x00000062   Code   RO          142    x$fpl$d2f           fz_ws.l(d2f.o)
    0x0800256a   0x0800256a   0x00000002   PAD
    0x0800256c   0x0800256c   0x00000010   Code   RO          535    x$fpl$dcheck1       fz_ws.l(dcheck1.o)
    0x0800257c   0x0800257c   0x00000018   Code   RO          498    x$fpl$dcmpinf       fz_ws.l(dcmpi.o)
    0x08002594   0x08002594   0x00000078   Code   RO          473    x$fpl$deqf          fz_ws.l(deqf.o)
    0x0800260c   0x0800260c   0x00000078   Code   RO          500    x$fpl$dleqf         fz_ws.l(dleqf.o)
    0x08002684   0x08002684   0x0000009c   Code   RO          259    x$fpl$dnaninf       fz_ws.l(dnaninf.o)
    0x08002720   0x08002720   0x0000006c   Code   RO          475    x$fpl$drleqf        fz_ws.l(drleqf.o)
    0x0800278c   0x0800278c   0x00000036   Code   RO          144    x$fpl$ffix          fz_ws.l(ffix.o)
    0x080027c2   0x080027c2   0x00000002   PAD
    0x080027c4   0x080027c4   0x00000102   Code   RO          148    x$fpl$fmul          fz_ws.l(fmul.o)
    0x080028c6   0x080028c6   0x0000008c   Code   RO          261    x$fpl$fnaninf       fz_ws.l(fnaninf.o)
    0x08002952   0x08002952   0x0000000a   Code   RO          263    x$fpl$fretinf       fz_ws.l(fretinf.o)
    0x0800295c   0x0800295c   0x00000006   Code   RO          423    x$fpl$ieeestatus    fz_ws.l(istatus.o)
    0x08002962   0x08002962   0x00000064   Code   RO          567    x$fpl$retnan        fz_ws.l(retnan.o)
    0x080029c6   0x080029c6   0x0000005c   Code   RO          502    x$fpl$scalbn        fz_ws.l(scalbn.o)
    0x08002a22   0x08002a22   0x00000004   Code   RO          323    x$fpl$scanf1        fz_ws.l(scanf1.o)
    0x08002a26   0x08002a26   0x00000008   Code   RO          444    x$fpl$scanf2        fz_ws.l(scanf2.o)
    0x08002a2e   0x08002a2e   0x00000030   Code   RO          577    x$fpl$trapveneer    fz_ws.l(trapv.o)
    0x08002a5e   0x08002a5e   0x00000000   Code   RO          273    x$fpl$usenofp       fz_ws.l(usenofp.o)
    0x08002a5e   0x08002a5e   0x00000002   PAD
    0x08002a60   0x08002a60   0x00000094   Data   RO          341    .constdata          c_w.l(bigflt0.o)
    0x08002af4   0x08002af4   0x00000010   Data   RO           38    .rodata.AHBPrescTable  system_stm32f1xx.o
    0x08002b04   0x08002b04   0x0000001f   Data   RO           96    .rodata.str1.1      line_recognition_ciam_mve_v0.o
    0x08002b23   0x08002b23   0x00000001   PAD
    0x08002b24   0x08002b24   0x00000020   Data   RO          596    Region$$Table       anon$$obj.o
    0x08002b44   0x08002b44   0x00000008   Data   RO          438    c$$dinf             fz_ws.l(fpconst.o)
    0x08002b4c   0x08002b4c   0x00000008   Data   RO          441    c$$dmax             fz_ws.l(fpconst.o)
    0x08002b54   0x08002b54   0x0000001c   Data   RO          320    locale$$data        c_w.l(lc_numeric_c.o)
    0x08002b70   0x08002b70   0x00000110   Data   RO          367    locale$$data        c_w.l(lc_ctype_c.o)


    Execution Region ER_RW (Exec base: 0x20000000, Load base: 0x08002c80, Size: 0x00000004, Max: 0xffffffff, ABSOLUTE)

    Exec Addr    Load Addr    Size         Type   Attr      Idx    E Section Name        Object

    0x20000000   0x08002c80   0x00000004   Data   RW           37    .data.SystemCoreClock  system_stm32f1xx.o


    Execution Region ER_ZI (Exec base: 0x20000008, Load base: 0x08002c84, Size: 0x00000680, Max: 0xffffffff, ABSOLUTE)

    Exec Addr    Load Addr    Size         Type   Attr      Idx    E Section Name        Object

    0x20000008        -       0x00000060   Zero   RW          275    .bss                c_w.l(libspace.o)
    0x20000068        -       0x0000000c   Zero   RW           15    .bss.canRx0Data     main.o
    0x20000074        -       0x00000001   Zero   RW          109    .bss.canRx0DataCounter  can_cmsis_m3_mve_v0.o
    0x20000075        -       0x00000001   Zero   RW           14    .bss.flagRxCan      main.o
    0x20000076   0x08002c84   0x00000002   PAD
    0x20000078        -       0x00000004   Zero   RW            8    .bss.msTicks        main.o
    0x2000007c        -       0x00000001   Zero   RW           10    .bss.rxCounter      main.o
    0x2000007d        -       0x00000008   Zero   RW            9    .bss.rxUartIt       main.o
    0x20000085   0x08002c84   0x00000003   PAD
    0x20000088        -       0x00000200   Zero   RW           24    HEAP                startup_stm32f103xb.o
    0x20000288        -       0x00000400   Zero   RW           23    STACK               startup_stm32f103xb.o


==============================================================================

Image component sizes


      Code (inc. data)   RO Data    RW Data    ZI Data      Debug   Object Name

       950          0          0          0          1       2895   can_cmsis_m3_mve_v0.o
        44          0          0          0          0        981   gpio_cmsis_m3_mve_v0.o
       242          0         31          0          0        877   line_recognition_ciam_mve_v0.o
       556          0          0          0         26       3934   main.o
       194          0          0          0          0       1131   rcc_cmsis_m3_mve_v0.o
        64         26        236          0       1536        772   startup_stm32f103xb.o
       292          0         16          4          0       1477   system_stm32f1xx.o
        62          0          0          0          0        690   systick_cmsis_m3_mve_v0.o
       502          0          0          0          0       3738   uart_cmsis_m3_mve_v0.o

    ----------------------------------------------------------------------
      2928         26        316          4       1568      16495   Object Totals
         0          0         32          0          0          0   (incl. Generated)
        22          0          1          0          5          0   (incl. Padding)

    ----------------------------------------------------------------------

      Code (inc. data)   RO Data    RW Data    ZI Data      Debug   Library Member Name

         8          0          0          0          0         68   __main.o
        14          0          0          0          0         68   __printf_wp.o
         0          0          0          0          0          0   __rtentry.o
        12          0          0          0          0          0   __rtentry2.o
         6          0          0          0          0          0   __rtentry4.o
        52          8          0          0          0          0   __scatter.o
        26          0          0          0          0          0   __scatter_copy.o
        28          0          0          0          0          0   __scatter_zi.o
        28          0          0          0          0         68   _chval.o
        22          0          0          0          0        100   _rserrno.o
        64          0          0          0          0         84   _sgetc.o
       158          0          0          0          0         92   _strtoul.o
        26          0          0          0          0         80   atoi.o
       228          4        148          0          0         96   bigflt0.o
      1924        136          0          0          0        752   btod.o
        18          0          0          0          0         80   exit.o
         6          0          0          0          0        152   heapauxi.o
         0          0          0          0          0          0   indicate_semi.o
        18          0          0          0          0         76   isspace.o
        44         10        272          0          0         76   lc_ctype_c.o
        44         10         28          0          0         76   lc_numeric_c.o
         2          0          0          0          0          0   libinit.o
        30          0          0          0          0          0   libinit2.o
         2          0          0          0          0          0   libshutdown.o
         2          0          0          0          0          0   libshutdown2.o
         8          4          0          0         96         68   libspace.o
        38          0          0          0          0         68   llshl.o
        16          4          0          0          0         76   rt_ctype_table.o
         8          4          0          0          0         68   rt_errno_addr_intlibspace.o
         8          4          0          0          0         68   rt_locale_intlibspace.o
         2          0          0          0          0          0   rtexit.o
        10          0          0          0          0          0   rtexit2.o
      1272         16          0          0          0        168   scanf_fp.o
       800         14          0          0          0        100   scanf_hexfp.o
       308         16          0          0          0        100   scanf_infnan.o
       128          0          0          0          0         68   strcmpv7m.o
        62          0          0          0          0         76   strlen.o
       176         14          0          0          0        124   strtod.o
       112          0          0          0          0         88   strtol.o
        12          4          0          0          0         68   sys_exit.o
        74          0          0          0          0         80   sys_stackheap_outer.o
         2          0          0          0          0         68   use_no_semi.o
        98          4          0          0          0         92   d2f.o
        16          4          0          0          0         68   dcheck1.o
        24          0          0          0          0         68   dcmpi.o
       120          4          0          0          0         92   deqf.o
       120          4          0          0          0         92   dleqf.o
       156          4          0          0          0         92   dnaninf.o
       108          0          0          0          0         80   drleqf.o
        54          4          0          0          0         84   ffix.o
       258          4          0          0          0         84   fmul.o
       140          4          0          0          0         84   fnaninf.o
         0          0         16          0          0          0   fpconst.o
        10          0          0          0          0         68   fretinf.o
         6          0          0          0          0         68   istatus.o
       100          0          0          0          0         68   retnan.o
        92          0          0          0          0         68   scalbn.o
         4          0          0          0          0         68   scanf1.o
         8          0          0          0          0         84   scanf2.o
        48          0          0          0          0         68   trapv.o
         0          0          0          0          0          0   usenofp.o
        44          0          0          0          0         84   atof.o
        30          6          0          0          0        136   dunder.o
        88          8          0          0          0         76   frexp.o
       138          0          0          0          0        160   ldexp.o
       204          4          0          0          0        168   narrow.o

    ----------------------------------------------------------------------
      7684        298        464          0         96       5108   Library Totals
        20          0          0          0          0          0   (incl. Padding)

    ----------------------------------------------------------------------

      Code (inc. data)   RO Data    RW Data    ZI Data      Debug   Library Name

      5798        248        448          0         96       3156   c_w.l
      1362         32         16          0          0       1328   fz_ws.l
       504         18          0          0          0        624   m_ws.l

    ----------------------------------------------------------------------
      7684        298        464          0         96       5108   Library Totals

    ----------------------------------------------------------------------

==============================================================================


      Code (inc. data)   RO Data    RW Data    ZI Data      Debug   

     10612        324        780          4       1664      18547   Grand Totals
     10612        324        780          4       1664      18547   ELF Image Totals
     10612        324        780          4          0          0   ROM Totals

==============================================================================

    Total RO  Size (Code + RO Data)                11392 (  11.13kB)
    Total RW  Size (RW Data + ZI Data)              1668 (   1.63kB)
    Total ROM Size (Code + RO Data + RW Data)      11396 (  11.13kB)

==============================================================================

